* Warning 285 at FStar.Const.fst(17,20-17,26):
  - No modules in namespace FStar.Compiler.Effect and no file with that name either

* Warning 285 at FStar.Const.fst(17,56-17,60):
  - module not found in search path: fstar.compiler.list

* Warning 285 at FStar.Const.fst(66,11-66,17):
  - No modules in namespace FStar.BigInt and no file with that name either

Content-Length: 250

{"jsonrpc": "2.0", "method": "textDocument/publishDiagnostics", "params": {"diagnostics": [{"message": "hd", "range": {"start": {"character": 0, "end": {"character": 0, "line": 0}, "line": 0}}}], "uri": "file:///root/non-existing/fstar/FStar/src/basic/FStar.Const.fst"}}
