/* krml header omitted for test repeatability */


#include "BangBang.h"

int32_t BangBang_modify_nested_ptr(int32_t **x)
{
  int32_t *__anf2737 = *x;
  int32_t *__anf2733 = *x;
  int32_t __anf2735 = *__anf2733;
  *__anf2737 = __anf2735 + (int32_t)2;
  int32_t *__anf3458 = *x;
  int32_t __anf3460 = *__anf3458;
  return __anf3460 + (int32_t)1;
}

void BangBang_decr_uint(void)
{
  uint32_t x = 1U;
  uint32_t __anf136 = x;
  x = __anf136 - 1U;
}

