/* krml header omitted for test repeatability */


#include "Break.h"

void Break_simple_break(void)
{
  bool k = true;
  bool _break = false;
  bool cond;
  if (_break)
    cond = false;
  else
    cond = k;
  while (cond)
  {
    _break = true;
    bool ite;
    if (_break)
      ite = false;
    else
      ite = k;
    cond = ite;
  }
}

size_t Break_find_zero_with_break(int32_t *a, size_t sz)
{
  size_t i = (size_t)0U;
  bool _break = false;
  bool cond;
  if (_break)
    cond = false;
  else
  {
    size_t __anf0 = i;
    cond = __anf0 < sz;
  }
  while (cond)
  {
    size_t __anf01 = i;
    int32_t __anf1 = a[__anf01];
    if (__anf1 == (int32_t)0)
      _break = true;
    bool _break1 = _break;
    if (!_break1)
    {
      size_t __anf02 = i;
      i = __anf02 + (size_t)1U;
    }
    bool ite;
    if (_break)
      ite = false;
    else
    {
      size_t __anf0 = i;
      ite = __anf0 < sz;
    }
    cond = ite;
  }
  return i;
}

