* Info at PrintCheck.fst(15,0-15,11):
  - Term
    PrintCheck.test
    has type
    x: Pulse.Lib.Reference.ref Prims.int
      -> fn
           requires x |-> 'v
           returns x : Prims.int
           ensures x |-> ('v + 1) ** Pulse.Lib.Core.pure (x == x)

* Info at PrintCheck.fst(20,0-20,12):
  - Term
    PrintCheck.test2
    has type
    ghost fn
      requires Pulse.Lib.Core.emp
      returns _ret : Prims.int
      ensures PrintCheck.q _ret

* Info at PrintCheck.fst(25,0-25,12):
  - Term
    PrintCheck.test3
    has type
    ghost fn
      requires Pulse.Lib.Core.emp
      ensures PrintCheck.r ()

