* Warning 274:
  - Implicitly opening namespace 'fstar.tactics.' shadows module 'print' in file
    "Print.fst".
  - Rename "Print.fst" to avoid conflicts.

* Info at Test.Recursion.fst(94,2-94,20):
  - Expected failure:
  - Ill-typed term: test_ghost_loop ()
  - Expected a term of type
      ghost fn
        requires emp
        ensures emp
  - Could not prove termination
  - The SMT solver could not prove the query. Use --query_stats for more
    details.

* Info at Test.Recursion.fst(141,4-141,22):
  - Expected failure:
  - Ill-typed term: test5' (z - 1) (y - 1)
  - Expected a term of type
      ghost fn
        requires emp
        ensures emp
  - Could not prove termination
  - The SMT solver could not prove the query. Use --query_stats for more
    details.

