{"msg":["Expected the definition of\n  IfacePulseSkipCircular.bad\n  to precede\n  IfacePulseSkipCircular.other"],"level":"Error","range":{"def":{"file_name":"IfacePulseSkipCircular.fst","start_pos":{"line":16,"col":0},"end_pos":{"line":20,"col":7}},"use":{"file_name":"IfacePulseSkipCircular.fst","start_pos":{"line":16,"col":0},"end_pos":{"line":20,"col":7}}},"number":233,"ctx":[]}
