{"msg":["Identifier not found: length",""],"level":"Error","range":{"def":{"file_name":"IfaceNoOpenLeak.fst","start_pos":{"line":5,"col":29},"end_pos":{"line":5,"col":35}},"use":{"file_name":"IfaceNoOpenLeak.fst","start_pos":{"line":5,"col":29},"end_pos":{"line":5,"col":35}}},"number":72,"ctx":["While desugaring module IfaceNoOpenLeak"]}
