{"msg":["Name IfacePulseCircular.derived\nis not in scope here.","It is declared further down the interface of IfacePulseCircular\nand only comes into scope once the declarations that precede it have been\nimplemented."],"level":"Error","range":{"def":{"file_name":"IfacePulseCircular.fst","start_pos":{"line":23,"col":2},"end_pos":{"line":23,"col":9}},"use":{"file_name":"IfacePulseCircular.fst","start_pos":{"line":23,"col":2},"end_pos":{"line":23,"col":9}}},"number":133,"ctx":["@IfacePulseCircular.fst(23,2-23,12): check_return","@IfacePulseCircular.fst(23,2-23,12): Tm_Return","@IfacePulseCircular.fst(23,2-23,12): Tm_ForwardJumpLabel","While running primitive Pulse.Main.check_pulse_after_desugar (plugin)","While normalizing a term","While running splice with a tactic","While typechecking the top-level declaration ‘%splice_t[IfacePulseCircular.bad] (...)’"]}
