{"msg":["Values of type ‘t1’ will be erased during extraction, but its interface\nhides this fact.","Add the ‘erasable’ attribute to the ‘val t1’ declaration for this symbol\nin the interface"],"level":"Warning","range":{"def":{"file_name":"IfaceMustErase.fst","start_pos":{"line":5,"col":4},"end_pos":{"line":5,"col":6}},"use":{"file_name":"IfaceMustErase.fst","start_pos":{"line":5,"col":4},"end_pos":{"line":5,"col":6}}},"number":318,"ctx":["While typechecking the top-level declaration ‘let t1’"]}
{"msg":["Illegal attribute: the ‘erasable’ attribute is only permitted on inductive\ntype definitions and abbreviations for non-informative types.","The term\nPrims.bool\nis considered informative."],"level":"Error","range":{"def":{"file_name":"IfaceMustErase.fst","start_pos":{"line":9,"col":9},"end_pos":{"line":9,"col":13}},"use":{"file_name":"IfaceMustErase.fst","start_pos":{"line":9,"col":9},"end_pos":{"line":9,"col":13}}},"number":162,"ctx":["While typechecking the top-level declaration ‘let t3’"]}
