Module after desugaring:
module Postprocess
Declarations: [
[@ ]
assume val Postprocess.foo  : (_:int -> Tot int)
[@ ]
assume val Postprocess.lem  : (_:unit -> Lemma (unit))
[@ ]
let  tau  : _ = (fun uu___ -> let  uu___#1  : unit = (grewrite `((foo 1))[] `((foo 2))[])
in
let  uu___#2  : unit = (trefl ())
in
let  uu___#3  : unit = (apply_lemma `(lem)[])
in
())
[@ ((postprocess_with tau))]
let  x  : int = (foo 1)
[@ ((postprocess_with tau))]
let  x'  : (z#0:int{(eq2 z@0:(Tm_unknown) (foo 1))}) = (foo 1)
[@ ((postprocess_with tau)); (postprocess_type)]
let  x''  : (z#0:int{(eq2 z@0:(Tm_unknown) (foo 1))}) = (foo 1)
[@ ((postprocess_for_extraction_with tau))]
let  y  : int = (foo 1)
[@ ((postprocess_for_extraction_with tau))]
let  y'  : (z#0:int{(eq2 z@0:(Tm_unknown) (foo 1))}) = (foo 1)
[@ ((postprocess_for_extraction_with tau)); (postprocess_type)]
let  y''  : (z#0:int{(eq2 z@0:(Tm_unknown) (foo 1))}) = (foo 1)
[@ ]
private let  uu___0  : _ = (_assert (eq2 x (foo 2)))
[@ ]
private let  uu___1  : _ = (_assert (eq2 y (foo 1)))
[@ ]
(* Sig_bundle *)[@ ]
noeq type Postprocess.t1  : Type
[@ ]
datacon Postprocess.A1 : t1
[@ ]
datacon Postprocess.B1 : (_0:int -> Tot t1)
[@ ]
datacon Postprocess.C1 : (_0:(_:int -> Tot t1) -> Tot t1)
[@ ]
(* Sig_bundle *)[@ ]
noeq type Postprocess.t2  : Type
[@ ]
datacon Postprocess.A2 : t2
[@ ]
datacon Postprocess.B2 : (_0:int -> Tot t2)
[@ ]
datacon Postprocess.C2 : (_0:(_:int -> Tot t2) -> Tot t2)
[@ ]
let rec lift  : _ = (fun uu___1 -> (match uu___1@0:(Tm_unknown) with
	| (A1 )  -> A2
	|(B1 i#4)  -> (B2 i@0:(Tm_unknown))
	|(C1 f#6)  -> (C2 (fun x -> (lift (f@1:(Tm_unknown) x@0:(Tm_unknown)))))))
[@ ]
let  lemA  : _ = (fun uu___ -> ())
[@ ]
let  lemB  : _ = (fun x -> ())
[@ ]
let  lemC  : _ = (fun $f -> ())
[@ ]
let  congB  : _ = (fun uu___ -> ())
[@ ]
let  congC  : _ = (fun uu___ -> ())
[@ ]
let  xx  : _ = (C1 (fun uu___0 -> (match uu___0@0:(Tm_unknown) with
	| 0  -> A1
	|5  -> (B1 42)
	|x#4  -> (B1 24))))
[@ ]
let  q_as_lem  : _ = (fun p x -> ())
[@ ]
let  congruence_fun  : _ = (fun f g x -> (assert_by_tactic (eq2 (fun x -> (f@3:(Tm_unknown) x@0:(Tm_unknown))) (fun x -> (g@2:(Tm_unknown) x@0:(Tm_unknown)))) (fun uu___ -> let  uu___#19  : unit = ()
in
let  uu___#20  : unit = (l_to_r (Cons quote ((q_as_lem x@2:(Tm_unknown))) Nil))
in
(trefl ()))))
[@ ]
let  apply_feq_lem  : _ = (fun $f $g -> (congruence_fun f@1:(Tm_unknown) g@0:(Tm_unknown) ()))
[@ ]
let  fext  : _ = (fun uu___ -> let  uu___#1  : unit = (apply_lemma `(apply_feq_lem)[])
in
let  uu___#2  : unit = (dismiss ())
in
(ignore (forall_intros ())))
[@ ]
let  _onL  : _ = (fun a b c uu___ uu___ -> ())
[@ ]
let  onL  : _ = (fun uu___ -> (apply_lemma `(_onL)[]))
[@ ]
let rec push_lifts'  : _ = (fun u -> (match (term_as_formula (cur_goal ())) with
	| (Comp (Eq uu___#3) lhs#2 rhs#1)  -> (match (inspect lhs@1:(Tm_unknown)) with
	| (Tv_App h#7 t#6)  -> (match (inspect h@1:(Tm_unknown)) with
	| (Tv_FVar fv#9)  -> (match (op_Equality (fv_to_string fv@0:(Tm_unknown)) "Postprocess.lift") with
	| true  -> (case_analyze (fst t@1:(Tm_unknown)))
	|uu___#11  -> (fail "not a lift (1)"))
	|uu___#12  -> (fail "not a lift (2)"))
	|(Tv_Abs uu___#14 uu___#13)  -> let  uu___#16  : unit = (fext ())
in
(push_lifts' ())
	|uu___#17  -> (fail "not a lift (3)"))
	|uu___#18  -> (fail "not an equality")))
 and case_analyze  : _ = (fun lhs -> let  ap#20  : _ = (fun l -> let  uu___#22  : unit = (onL ())
in
(apply_lemma l@1:(Tm_unknown)))
in
let  lhs#23  : _ = (norm_term (Cons weak (Cons hnf (Cons primops (Cons delta Nil)))) lhs@1:(Tm_unknown))
in
let  uu___#26  : _ = (collect_app lhs@0:(Tm_unknown))
in
(match uu___@0:(Tm_unknown) with
	| (Mktuple2 head#24 args#25)  -> (match (inspect head@1:(Tm_unknown)) with
	| (Tv_FVar fv#27)  -> (match (op_Equality (fv_to_string fv@0:(Tm_unknown)) "Postprocess.A1") with
	| true  -> (apply_lemma `(lemA)[])
	|uu___#29  -> (match (op_Equality (fv_to_string fv@1:(Tm_unknown)) "Postprocess.B1") with
	| true  -> let  uu___#31  : unit = (ap@6:(Tm_unknown) `(lemB)[])
in
let  uu___#32  : unit = (apply_lemma `(congB)[])
in
(push_lifts' ())
	|uu___#30  -> (match (op_Equality (fv_to_string fv@2:(Tm_unknown)) "Postprocess.C1") with
	| true  -> let  uu___#34  : unit = (ap@7:(Tm_unknown) `(lemC)[])
in
let  uu___#35  : unit = (apply_lemma `(congC)[])
in
(push_lifts' ())
	|uu___#33  -> let  uu___#36  : unit = (tlabel "unknown fv")
in
(trefl ()))))
	|uu___#37  -> let  uu___#38  : unit = (tlabel "head unk")
in
(trefl ()))))
[@ ]
let  push_lifts  : _ = (fun uu___ -> let  uu___#1  : unit = (push_lifts' ())
in
())
[@ ((postprocess_with push_lifts))]
let  yy  : _ = (lift xx)
[@ ((postprocess_with push_lifts))]
let  zz1  : _ = (lift (C1 (fun y -> (C1 (fun x -> A1)))))
[@ ((postprocess_for_extraction_with push_lifts))]
let  zz2  : _ = (lift (C1 (fun y -> (C1 (fun x -> A1)))))
]

Module before type checking:
module Postprocess
Declarations: [
[@ ]
assume val Postprocess.foo  : (_:int -> Tot int)
[@ ]
assume val Postprocess.lem  : (_:unit -> Lemma (unit))
[@ ]
let  tau  : _ = (fun uu___ -> let  uu___#1  : unit = (grewrite `((foo 1))[] `((foo 2))[])
in
let  uu___#2  : unit = (trefl ())
in
let  uu___#3  : unit = (apply_lemma `(lem)[])
in
())
[@ ((postprocess_with tau))]
let  x  : int = (foo 1)
[@ ((postprocess_with tau))]
let  x'  : (z#0:int{(eq2 z@0:(Tm_unknown) (foo 1))}) = (foo 1)
[@ ((postprocess_with tau)); (postprocess_type)]
let  x''  : (z#0:int{(eq2 z@0:(Tm_unknown) (foo 1))}) = (foo 1)
[@ ((postprocess_for_extraction_with tau))]
let  y  : int = (foo 1)
[@ ((postprocess_for_extraction_with tau))]
let  y'  : (z#0:int{(eq2 z@0:(Tm_unknown) (foo 1))}) = (foo 1)
[@ ((postprocess_for_extraction_with tau)); (postprocess_type)]
let  y''  : (z#0:int{(eq2 z@0:(Tm_unknown) (foo 1))}) = (foo 1)
[@ ]
private let  uu___0  : _ = (_assert (eq2 x (foo 2)))
[@ ]
private let  uu___1  : _ = (_assert (eq2 y (foo 1)))
[@ ]
(* Sig_bundle *)[@ ]
noeq type Postprocess.t1  : Type
[@ ]
datacon Postprocess.A1 : t1
[@ ]
datacon Postprocess.B1 : (_0:int -> Tot t1)
[@ ]
datacon Postprocess.C1 : (_0:(_:int -> Tot t1) -> Tot t1)
[@ ]
(* Sig_bundle *)[@ ]
noeq type Postprocess.t2  : Type
[@ ]
datacon Postprocess.A2 : t2
[@ ]
datacon Postprocess.B2 : (_0:int -> Tot t2)
[@ ]
datacon Postprocess.C2 : (_0:(_:int -> Tot t2) -> Tot t2)
[@ ]
let rec lift  : _ = (fun uu___1 -> (match uu___1@0:(Tm_unknown) with
	| (A1 )  -> A2
	|(B1 i#4)  -> (B2 i@0:(Tm_unknown))
	|(C1 f#6)  -> (C2 (fun x -> (lift (f@1:(Tm_unknown) x@0:(Tm_unknown)))))))
[@ ]
let  lemA  : _ = (fun uu___ -> ())
[@ ]
let  lemB  : _ = (fun x -> ())
[@ ]
let  lemC  : _ = (fun $f -> ())
[@ ]
let  congB  : _ = (fun uu___ -> ())
[@ ]
let  congC  : _ = (fun uu___ -> ())
[@ ]
let  xx  : _ = (C1 (fun uu___0 -> (match uu___0@0:(Tm_unknown) with
	| 0  -> A1
	|5  -> (B1 42)
	|x#4  -> (B1 24))))
[@ ]
let  q_as_lem  : _ = (fun p x -> ())
[@ ]
let  congruence_fun  : _ = (fun f g x -> (assert_by_tactic (eq2 (fun x -> (f@3:(Tm_unknown) x@0:(Tm_unknown))) (fun x -> (g@2:(Tm_unknown) x@0:(Tm_unknown)))) (fun uu___ -> let  uu___#19  : unit = ()
in
let  uu___#20  : unit = (l_to_r (Cons quote ((q_as_lem x@2:(Tm_unknown))) Nil))
in
(trefl ()))))
[@ ]
let  apply_feq_lem  : _ = (fun $f $g -> (congruence_fun f@1:(Tm_unknown) g@0:(Tm_unknown) ()))
[@ ]
let  fext  : _ = (fun uu___ -> let  uu___#1  : unit = (apply_lemma `(apply_feq_lem)[])
in
let  uu___#2  : unit = (dismiss ())
in
(ignore (forall_intros ())))
[@ ]
let  _onL  : _ = (fun a b c uu___ uu___ -> ())
[@ ]
let  onL  : _ = (fun uu___ -> (apply_lemma `(_onL)[]))
[@ ]
let rec push_lifts'  : _ = (fun u -> (match (term_as_formula (cur_goal ())) with
	| (Comp (Eq uu___#3) lhs#2 rhs#1)  -> (match (inspect lhs@1:(Tm_unknown)) with
	| (Tv_App h#7 t#6)  -> (match (inspect h@1:(Tm_unknown)) with
	| (Tv_FVar fv#9)  -> (match (op_Equality (fv_to_string fv@0:(Tm_unknown)) "Postprocess.lift") with
	| true  -> (case_analyze (fst t@1:(Tm_unknown)))
	|uu___#11  -> (fail "not a lift (1)"))
	|uu___#12  -> (fail "not a lift (2)"))
	|(Tv_Abs uu___#14 uu___#13)  -> let  uu___#16  : unit = (fext ())
in
(push_lifts' ())
	|uu___#17  -> (fail "not a lift (3)"))
	|uu___#18  -> (fail "not an equality")))
 and case_analyze  : _ = (fun lhs -> let  ap#20  : _ = (fun l -> let  uu___#22  : unit = (onL ())
in
(apply_lemma l@1:(Tm_unknown)))
in
let  lhs#23  : _ = (norm_term (Cons weak (Cons hnf (Cons primops (Cons delta Nil)))) lhs@1:(Tm_unknown))
in
let  uu___#26  : _ = (collect_app lhs@0:(Tm_unknown))
in
(match uu___@0:(Tm_unknown) with
	| (Mktuple2 head#24 args#25)  -> (match (inspect head@1:(Tm_unknown)) with
	| (Tv_FVar fv#27)  -> (match (op_Equality (fv_to_string fv@0:(Tm_unknown)) "Postprocess.A1") with
	| true  -> (apply_lemma `(lemA)[])
	|uu___#29  -> (match (op_Equality (fv_to_string fv@1:(Tm_unknown)) "Postprocess.B1") with
	| true  -> let  uu___#31  : unit = (ap@6:(Tm_unknown) `(lemB)[])
in
let  uu___#32  : unit = (apply_lemma `(congB)[])
in
(push_lifts' ())
	|uu___#30  -> (match (op_Equality (fv_to_string fv@2:(Tm_unknown)) "Postprocess.C1") with
	| true  -> let  uu___#34  : unit = (ap@7:(Tm_unknown) `(lemC)[])
in
let  uu___#35  : unit = (apply_lemma `(congC)[])
in
(push_lifts' ())
	|uu___#33  -> let  uu___#36  : unit = (tlabel "unknown fv")
in
(trefl ()))))
	|uu___#37  -> let  uu___#38  : unit = (tlabel "head unk")
in
(trefl ()))))
[@ ]
let  push_lifts  : _ = (fun uu___ -> let  uu___#1  : unit = (push_lifts' ())
in
())
[@ ((postprocess_with push_lifts))]
let  yy  : _ = (lift xx)
[@ ((postprocess_with push_lifts))]
let  zz1  : _ = (lift (C1 (fun y -> (C1 (fun x -> A1)))))
[@ ((postprocess_for_extraction_with push_lifts))]
let  zz2  : _ = (lift (C1 (fun y -> (C1 (fun x -> A1)))))
]

Module after type checking:
module Postprocess
Declarations: [
[@ ]
assume val Postprocess.foo  : (uu___:int -> Tot int)
[@ ]
assume val Postprocess.lem  : (uu___:unit -> Lemma (unit))
[@ ]
visible let  tau  : (uu___:unit -> Tac (unit)) = (fun uu___ -> let  uu___#698  : unit = (grewrite `((foo 1))[] `((foo 2))[])
in
let  uu___#699  : unit = (trefl ())
in
let  uu___#700  : unit = (apply_lemma `(lem)[])
in
())
[@ ]
visible let  x  : int = (foo 2)
[@ ]
visible let  x'  : (z#45:int{(eq2 z@0:(Tm_unknown) (foo 1))}) = (foo 2)
[@ (postprocess_type)]
visible let  x''  : (z#45:int{(eq2 z@0:(Tm_unknown) (foo 2))}) = (foo 2)
[@ ((postprocess_for_extraction_with tau))]
visible let  y  : int = (foo 1)
[@ ((postprocess_for_extraction_with tau))]
visible let  y'  : (z#45:int{(eq2 z@0:(Tm_unknown) (foo 1))}) = (foo 1)
[@ ((postprocess_for_extraction_with tau)); (postprocess_type)]
visible let  y''  : (z#45:int{(eq2 z@0:(Tm_unknown) (foo 1))}) = (foo 1)
[@ ]
visible private let  uu___0  : unit = (_assert (eq2 x (foo 2)))
[@ ]
visible private let  uu___1  : unit = (_assert (eq2 y (foo 1)))
[@ ]
(* Sig_bundle *)[@ ]
noeq type Postprocess.t1  : Type
[@ ]
datacon Postprocess.A1 : t1
[@ ]
datacon Postprocess.B1 : (_0:int -> Tot t1)
[@ ]
datacon Postprocess.C1 : (_0:(uu___:int -> Tot t1) -> Tot t1)
[@ (discriminator)]
(Discriminator A1) val Postprocess.uu___is_A1  : (projectee:t1 -> Tot bool)
[@ (discriminator)]
visible (Discriminator A1) let  uu___is_A1  : (projectee:t1 -> Tot bool) = (fun projectee -> (match projectee@0:(Tm_unknown) with
	| (A1 )  -> true
	|uu___#103  -> false))
[@ (discriminator)]
(Discriminator B1) val Postprocess.uu___is_B1  : (projectee:t1 -> Tot bool)
[@ (discriminator)]
visible (Discriminator B1) let  uu___is_B1  : (projectee:t1 -> Tot bool) = (fun projectee -> (match projectee@0:(Tm_unknown) with
	| (B1 _0#134)  -> true
	|uu___#135  -> false))
[@ (Substitute); (projector)]
(Projector B1 _0) val Postprocess.__proj__B1__item___0  : (projectee:(uu___#18:t1{(b2t (uu___is_B1 uu___@0:(Tm_unknown)))}) -> Tot int)
[@ (Substitute); (projector)]
visible (Projector B1 _0) let  __proj__B1__item___0  : (projectee:(uu___#18:t1{(b2t (uu___is_B1 uu___@0:(Tm_unknown)))}) -> Tot int) = (fun projectee -> (match projectee@0:(Tm_unknown) as proj_ret returns$ int with
	| (B1 _0#137)  -> _0@0:(Tm_unknown)))
[@ (discriminator)]
(Discriminator C1) val Postprocess.uu___is_C1  : (projectee:t1 -> Tot bool)
[@ (discriminator)]
visible (Discriminator C1) let  uu___is_C1  : (projectee:t1 -> Tot bool) = (fun projectee -> (match projectee@0:(Tm_unknown) with
	| (C1 _0#150)  -> true
	|uu___#152  -> false))
[@ (Substitute); (projector)]
(Projector C1 _0) val Postprocess.__proj__C1__item___0  : (projectee:(uu___#23:t1{(b2t (uu___is_C1 uu___@0:(Tm_unknown)))}) -> Tot (uu___:int -> Tot t1))
[@ (Substitute); (projector)]
visible (Projector C1 _0) let  __proj__C1__item___0  : (projectee:(uu___#23:t1{(b2t (uu___is_C1 uu___@0:(Tm_unknown)))}) -> Tot (uu___:int -> Tot t1)) = (fun projectee -> (match projectee@0:(Tm_unknown) as proj_ret returns$ (uu___:int -> Tot t1) with
	| (C1 _0#226)  -> _0@0:(Tm_unknown)))
[@ ]
(* Sig_bundle *)[@ ]
noeq type Postprocess.t2  : Type
[@ ]
datacon Postprocess.A2 : t2
[@ ]
datacon Postprocess.B2 : (_0:int -> Tot t2)
[@ ]
datacon Postprocess.C2 : (_0:(uu___:int -> Tot t2) -> Tot t2)
[@ (discriminator)]
(Discriminator A2) val Postprocess.uu___is_A2  : (projectee:t2 -> Tot bool)
[@ (discriminator)]
visible (Discriminator A2) let  uu___is_A2  : (projectee:t2 -> Tot bool) = (fun projectee -> (match projectee@0:(Tm_unknown) with
	| (A2 )  -> true
	|uu___#103  -> false))
[@ (discriminator)]
(Discriminator B2) val Postprocess.uu___is_B2  : (projectee:t2 -> Tot bool)
[@ (discriminator)]
visible (Discriminator B2) let  uu___is_B2  : (projectee:t2 -> Tot bool) = (fun projectee -> (match projectee@0:(Tm_unknown) with
	| (B2 _0#134)  -> true
	|uu___#135  -> false))
[@ (Substitute); (projector)]
(Projector B2 _0) val Postprocess.__proj__B2__item___0  : (projectee:(uu___#18:t2{(b2t (uu___is_B2 uu___@0:(Tm_unknown)))}) -> Tot int)
[@ (Substitute); (projector)]
visible (Projector B2 _0) let  __proj__B2__item___0  : (projectee:(uu___#18:t2{(b2t (uu___is_B2 uu___@0:(Tm_unknown)))}) -> Tot int) = (fun projectee -> (match projectee@0:(Tm_unknown) as proj_ret returns$ int with
	| (B2 _0#137)  -> _0@0:(Tm_unknown)))
[@ (discriminator)]
(Discriminator C2) val Postprocess.uu___is_C2  : (projectee:t2 -> Tot bool)
[@ (discriminator)]
visible (Discriminator C2) let  uu___is_C2  : (projectee:t2 -> Tot bool) = (fun projectee -> (match projectee@0:(Tm_unknown) with
	| (C2 _0#150)  -> true
	|uu___#152  -> false))
[@ (Substitute); (projector)]
(Projector C2 _0) val Postprocess.__proj__C2__item___0  : (projectee:(uu___#23:t2{(b2t (uu___is_C2 uu___@0:(Tm_unknown)))}) -> Tot (uu___:int -> Tot t2))
[@ (Substitute); (projector)]
visible (Projector C2 _0) let  __proj__C2__item___0  : (projectee:(uu___#23:t2{(b2t (uu___is_C2 uu___@0:(Tm_unknown)))}) -> Tot (uu___:int -> Tot t2)) = (fun projectee -> (match projectee@0:(Tm_unknown) as proj_ret returns$ (uu___:int -> Tot t2) with
	| (C2 _0#226)  -> _0@0:(Tm_unknown)))
[@ ]
visible let rec lift  : (uu___:t1 -> Tot t2) = (fun uu___1 -> (match uu___1@0:(Tm_unknown) with
	| (A1 )  -> A2
	|(B1 i#390)  -> (B2 i@0:(Tm_unknown))
	|(C1 f#391)  -> (C2 (fun x -> (lift (f@1:(Tm_unknown) x@0:(Tm_unknown)))))))
[@ ]
visible let  lemA  : (uu___:unit -> Lemma (unit)) = (fun uu___ -> ())
[@ ]
visible let  lemB  : (x:int -> Lemma (unit)) = (fun x -> ())
[@ ]
visible let  lemC  : ($f:(uu___:int -> Tot t1) -> Lemma (unit)) = (fun $f -> ())
[@ ]
visible let  congB  : (uu___:(squash (eq2 i@1:(Tm_unknown) j@0:(Tm_unknown))) -> Lemma (unit)) = (fun uu___ -> ())
[@ ]
visible let  congC  : (uu___:(squash (eq2 f@1:(Tm_unknown) g@0:(Tm_unknown))) -> Lemma (unit)) = (fun uu___ -> ())
[@ ]
visible let  xx  : t1 = (C1 (fun uu___0 -> (match uu___0@0:(Tm_unknown) with
	| 0  -> A1
	|5  -> (B1 42)
	|x#128  -> (B1 24))))
[@ ]
visible let  q_as_lem  : (p:(squash (l_Forall (fun x -> (b@1:(Tm_unknown) x@0:(Tm_unknown))))) -> x:a@2:(Tm_unknown) -> Lemma (unit)) = (fun p x -> ())
[@ ]
visible let  congruence_fun  : (f:(x:a@1:(Tm_unknown) -> Tot (b@1:(Tm_unknown) x@0:(Tm_unknown))) -> g:(x:a@2:(Tm_unknown) -> Tot (b@2:(Tm_unknown) x@0:(Tm_unknown))) -> x:(squash (l_Forall (fun x -> (eq2 (f@2:(Tm_unknown) x@0:(Tm_unknown)) (g@1:(Tm_unknown) x@0:(Tm_unknown)))))) -> Lemma (unit)) = (fun f g x -> (assert_by_tactic (eq2 (fun x -> (f@3:(Tm_unknown) x@0:(Tm_unknown))) (fun x -> (g@2:(Tm_unknown) x@0:(Tm_unknown)))) (fun uu___ -> let  [@ (inline_let)]uu___#3431  : unit = ()
in
let  uu___#3432  : unit = let  uu___#3433  : (list term) = let  uu___#3434  : term = quote ((q_as_lem x@2:(Tm_unknown)))
in
(Cons uu___@0:(Tm_unknown) (Nil ))
in
(l_to_r uu___@0:(Tm_unknown))
in
(trefl ()))))
[@ ]
visible let  apply_feq_lem  : ($f:(uu___:a@1:(Tm_unknown) -> Tot b@1:(Tm_unknown)) -> $g:(uu___:a@2:(Tm_unknown) -> Tot b@2:(Tm_unknown)) -> Lemma (unit)) = (fun $f $g -> (congruence_fun f@1:(Tm_unknown) g@0:(Tm_unknown) ()))
[@ ]
visible let  fext  : (uu___:unit -> Tac (unit)) = (fun uu___ -> let  uu___#701  : unit = (apply_lemma `(apply_feq_lem)[])
in
let  uu___#702  : unit = (dismiss ())
in
let  uu___#703  : (list binding) = (forall_intros ())
in
(ignore uu___@0:(Tm_unknown)))
[@ ]
visible let  _onL  : (a:uu___@0:(Tm_unknown) -> b:uu___@1:(Tm_unknown) -> c:uu___@2:(Tm_unknown) -> uu___:(squash (eq2 a@2:(Tm_unknown) b@1:(Tm_unknown))) -> uu___:(squash (eq2 b@2:(Tm_unknown) c@1:(Tm_unknown))) -> Lemma (unit)) = (fun a b c uu___ uu___ -> ())
[@ ]
visible let  onL  : (uu___:unit -> Tac (unit)) = (fun uu___ -> (apply_lemma `(_onL)[]))
[@ ]
visible let rec push_lifts'  : (u:unit -> Tac (unit)) = (fun u -> let  uu___#21864  : formula = let  uu___#21865  : term = (cur_goal ())
in
(term_as_formula uu___@0:(Tm_unknown))
in
(match uu___@0:(Tm_unknown) with
	| (Comp (Eq uu___#21866) lhs#21867 rhs#21868)  -> let  uu___#21869  : named_term_view = (inspect lhs@1:(Tm_unknown))
in
(match uu___@0:(Tm_unknown) with
	| (Tv_App h#21870 t#21871)  -> let  uu___#21872  : named_term_view = (inspect h@1:(Tm_unknown))
in
(match uu___@0:(Tm_unknown) with
	| (Tv_FVar fv#21873)  -> (match (op_Equality (fv_to_string fv@0:(Tm_unknown)) "Postprocess.lift") with
	| true  -> (case_analyze (fst t@2:(Tm_unknown)))
	|uu___#21874  -> (fail "not a lift (1)"))
	|uu___#21875  -> (fail "not a lift (2)"))
	|(Tv_Abs uu___#21876 uu___#21877)  -> let  uu___#21878  : unit = (fext ())
in
(push_lifts' ())
	|uu___#21879  -> (fail "not a lift (3)"))
	|uu___#21880  -> (fail "not an equality")))
 and case_analyze  : (lhs:term -> Tac (unit)) = (fun lhs -> let  ap#21883  : (l:term -> Tac (unit)) = (fun l -> let  uu___#21887  : unit = (onL ())
in
(apply_lemma l@1:(Tm_unknown)))
in
let  lhs#21888  : term = (norm_term (Cons weak (Cons hnf (Cons primops (Cons delta (Nil ))))) lhs@1:(Tm_unknown))
in
let  uu___#21889  : (tuple2 term (list argv)) = (collect_app lhs@0:(Tm_unknown))
in
(match uu___@0:(Tm_unknown) with
	| (Mktuple2 #._ #._ head#21890 args#21891)  -> let  uu___#21892  : named_term_view = (inspect head@1:(Tm_unknown))
in
(match uu___@0:(Tm_unknown) with
	| (Tv_FVar fv#21893)  -> (match (op_Equality (fv_to_string fv@0:(Tm_unknown)) "Postprocess.A1") with
	| true  -> (apply_lemma `(lemA)[])
	|uu___#21894  -> (match (op_Equality (fv_to_string fv@1:(Tm_unknown)) "Postprocess.B1") with
	| true  -> let  uu___#21895  : unit = (ap@7:(Tm_unknown) `(lemB)[])
in
let  uu___#21896  : unit = (apply_lemma `(congB)[])
in
(push_lifts' ())
	|uu___#21897  -> (match (op_Equality (fv_to_string fv@2:(Tm_unknown)) "Postprocess.C1") with
	| true  -> let  uu___#21898  : unit = (ap@8:(Tm_unknown) `(lemC)[])
in
let  uu___#21899  : unit = (apply_lemma `(congC)[])
in
(push_lifts' ())
	|uu___#21900  -> let  uu___#21901  : unit = (tlabel "unknown fv")
in
(trefl ()))))
	|uu___#21902  -> let  uu___#21903  : unit = (tlabel "head unk")
in
(trefl ()))))
[@ ]
visible let  push_lifts  : (uu___:unit -> Tac (unit)) = (fun uu___ -> let  uu___#262  : unit = (push_lifts' ())
in
())
[@ ]
visible let  yy  : t2 = (C2 (fun x -> (lift (match x@0:(Tm_unknown) with
	| 0  -> A1
	|5  -> (B1 42)
	|x#289  -> (B1 24)))))
[@ ]
visible let  zz1  : t2 = (C2 (fun x -> (C2 (fun x -> A2))))
[@ ((postprocess_for_extraction_with push_lifts))]
visible let  zz2  : t2 = (lift (C1 (fun y -> (C1 (fun x -> A1)))))
]

