{"msg":["AQualMismatch.f\nis declared but no definition was found","Add an 'assume' if this is intentional"],"level":"Warning","range":{"def":{"file_name":"AQualMismatch.fst","start_pos":{"line":3,"col":5},"end_pos":{"line":3,"col":6}},"use":{"file_name":"AQualMismatch.fst","start_pos":{"line":3,"col":5},"end_pos":{"line":3,"col":6}}},"number":240,"ctx":["While desugaring module AQualMismatch"]}
{"msg":["Expected failure:","Inconsistent implicit argument annotation on argument x","Got: '#'","Expected: ''"],"level":"Info","range":{"def":{"file_name":"AQualMismatch.fst","start_pos":{"line":6,"col":8},"end_pos":{"line":6,"col":9}},"use":{"file_name":"AQualMismatch.fst","start_pos":{"line":6,"col":8},"end_pos":{"line":6,"col":9}}},"number":91,"ctx":["While typechecking the top-level declaration `let f`","While typechecking the top-level declaration `[@@expect_failure] let f`"]}
{"msg":["Missing definitions in module AQualMismatch: f"],"level":"Warning","range":{"def":{"file_name":"AQualMismatch.fst","start_pos":{"line":6,"col":1},"end_pos":{"line":6,"col":13}},"use":{"file_name":"AQualMismatch.fst","start_pos":{"line":6,"col":1},"end_pos":{"line":6,"col":13}}},"number":240,"ctx":[]}
