{"msg":["ArgsAndQuals.test1\nis declared but no definition was found","Add an 'assume' if this is intentional"],"level":"Warning","range":{"def":{"file_name":"ArgsAndQuals.fst","start_pos":{"line":23,"col":5},"end_pos":{"line":23,"col":10}},"use":{"file_name":"ArgsAndQuals.fst","start_pos":{"line":23,"col":5},"end_pos":{"line":23,"col":10}}},"number":240,"ctx":["While desugaring module ArgsAndQuals"]}
{"msg":["Expected failure:","Inconsistent implicit argument annotation on argument uu___","Got: '#'","Expected: '$'"],"level":"Info","range":{"def":{"file_name":"ArgsAndQuals.fst","start_pos":{"line":25,"col":17},"end_pos":{"line":25,"col":19}},"use":{"file_name":"ArgsAndQuals.fst","start_pos":{"line":25,"col":17},"end_pos":{"line":25,"col":19}}},"number":91,"ctx":["While typechecking the top-level declaration `let test1`","While typechecking the top-level declaration `[@@expect_failure] let test1`"]}
{"msg":["Missing definitions in module ArgsAndQuals: test1"],"level":"Warning","range":{"def":{"file_name":"ArgsAndQuals.fst","start_pos":{"line":25,"col":1},"end_pos":{"line":25,"col":30}},"use":{"file_name":"ArgsAndQuals.fst","start_pos":{"line":25,"col":1},"end_pos":{"line":25,"col":30}}},"number":240,"ctx":[]}
