{"msg":["Implicitly opening namespace 'fstar.' shadows module 'calc' in file \"Calc.fst\".","Rename\n\"Calc.fst\"\nto avoid conflicts."],"level":"Warning","range":{"def":{"file_name":"dummy","start_pos":{"line":0,"col":0},"end_pos":{"line":0,"col":0}},"use":{"file_name":"dummy","start_pos":{"line":0,"col":0},"end_pos":{"line":0,"col":0}}},"number":274,"ctx":[]}
{"tag":"ArgsMismatch.foo","counter":{"id":"FStarC.TypeChecker.Tc.process_one_decl","total_time":839839,"running":false,"undercount":false}}
{"msg":["Expected failure:","Too many arguments to function of type y: Prims.int -> Prims.int","Got\n2\narguments","Remaining type is Prims.int"],"level":"Info","range":{"def":{"file_name":"ArgsMismatch.fst","start_pos":{"line":7,"col":33},"end_pos":{"line":7,"col":34}},"use":{"file_name":"ArgsMismatch.fst","start_pos":{"line":7,"col":33},"end_pos":{"line":7,"col":34}}},"number":173,"ctx":["While typechecking the top-level declaration `let uu___0`","While typechecking the top-level declaration `[@@expect_failure] let uu___0`"]}
{"tag":"ArgsMismatch.fst(7,19-7,34)","counter":{"id":"FStarC.TypeChecker.Tc.process_one_decl","total_time":403894,"running":false,"undercount":false}}
{"msg":["Expected failure:","Inconsistent argument qualifiers.","Expected an implicit argument, got an explicit one."],"level":"Info","range":{"def":{"file_name":"ArgsMismatch.fst","start_pos":{"line":8,"col":35},"end_pos":{"line":8,"col":36}},"use":{"file_name":"ArgsMismatch.fst","start_pos":{"line":8,"col":35},"end_pos":{"line":8,"col":36}}},"number":92,"ctx":["While typechecking the top-level declaration `let uu___0`","While typechecking the top-level declaration `[@@expect_failure] let uu___0`"]}
{"tag":"ArgsMismatch.fst(8,19-8,36)","counter":{"id":"FStarC.TypeChecker.Tc.process_one_decl","total_time":375513,"running":false,"undercount":false}}
{"tag":"ArgsMismatch.uu___0","counter":{"id":"FStarC.TypeChecker.Tc.process_one_decl","total_time":221197,"running":false,"undercount":false}}
{"msg":["Expected failure:","Too many arguments to function of type y: Prims.int -> Prims.int","Got\n2\narguments","Remaining type is Prims.int"],"level":"Info","range":{"def":{"file_name":"ArgsMismatch.fst","start_pos":{"line":10,"col":34},"end_pos":{"line":10,"col":35}},"use":{"file_name":"ArgsMismatch.fst","start_pos":{"line":10,"col":34},"end_pos":{"line":10,"col":35}}},"number":173,"ctx":["While typechecking the top-level declaration `let uu___1`","While typechecking the top-level declaration `[@@expect_failure] let uu___1`"]}
{"tag":"ArgsMismatch.fst(10,19-10,35)","counter":{"id":"FStarC.TypeChecker.Tc.process_one_decl","total_time":473856,"running":false,"undercount":false}}
{"tag":"ArgsMismatch.bar","counter":{"id":"FStarC.TypeChecker.Tc.process_one_decl","total_time":672663,"running":false,"undercount":false}}
{"msg":["Expected failure:","Too many arguments to function of type y: Prims.int -> Prims.int","Got\n2\narguments","Remaining type is Prims.int"],"level":"Info","range":{"def":{"file_name":"ArgsMismatch.fst","start_pos":{"line":14,"col":33},"end_pos":{"line":14,"col":34}},"use":{"file_name":"ArgsMismatch.fst","start_pos":{"line":14,"col":33},"end_pos":{"line":14,"col":34}}},"number":173,"ctx":["While typechecking the top-level declaration `let uu___1`","While typechecking the top-level declaration `[@@expect_failure] let uu___1`"]}
{"tag":"ArgsMismatch.fst(14,19-14,34)","counter":{"id":"FStarC.TypeChecker.Tc.process_one_decl","total_time":372063,"running":false,"undercount":false}}
{"msg":["Expected failure:","Inconsistent argument qualifiers.","Expected an implicit argument, got an explicit one."],"level":"Info","range":{"def":{"file_name":"ArgsMismatch.fst","start_pos":{"line":15,"col":35},"end_pos":{"line":15,"col":36}},"use":{"file_name":"ArgsMismatch.fst","start_pos":{"line":15,"col":35},"end_pos":{"line":15,"col":36}}},"number":92,"ctx":["While typechecking the top-level declaration `let uu___1`","While typechecking the top-level declaration `[@@expect_failure] let uu___1`"]}
{"tag":"ArgsMismatch.fst(15,19-15,36)","counter":{"id":"FStarC.TypeChecker.Tc.process_one_decl","total_time":341532,"running":false,"undercount":false}}
{"tag":"ArgsMismatch.uu___1","counter":{"id":"FStarC.TypeChecker.Tc.process_one_decl","total_time":227828,"running":false,"undercount":false}}
{"msg":["Expected failure:","Too many arguments to function of type y: Prims.int -> Prims.int","Got\n2\narguments","Remaining type is Prims.int"],"level":"Info","range":{"def":{"file_name":"ArgsMismatch.fst","start_pos":{"line":17,"col":34},"end_pos":{"line":17,"col":35}},"use":{"file_name":"ArgsMismatch.fst","start_pos":{"line":17,"col":34},"end_pos":{"line":17,"col":35}}},"number":173,"ctx":["While typechecking the top-level declaration `let uu___2`","While typechecking the top-level declaration `[@@expect_failure] let uu___2`"]}
{"tag":"ArgsMismatch.fst(17,19-17,35)","counter":{"id":"FStarC.TypeChecker.Tc.process_one_decl","total_time":362622,"running":false,"undercount":false}}
{"tag":"ArgsMismatch.baz","counter":{"id":"FStarC.TypeChecker.Tc.process_one_decl","total_time":651392,"running":false,"undercount":false}}
{"msg":["Expected failure:","Too many arguments to function of type [@@@ 2]y: Prims.int -> Prims.int","Got\n2\narguments","Remaining type is Prims.int"],"level":"Info","range":{"def":{"file_name":"ArgsMismatch.fst","start_pos":{"line":21,"col":33},"end_pos":{"line":21,"col":34}},"use":{"file_name":"ArgsMismatch.fst","start_pos":{"line":21,"col":33},"end_pos":{"line":21,"col":34}}},"number":173,"ctx":["While typechecking the top-level declaration `let uu___2`","While typechecking the top-level declaration `[@@expect_failure] let uu___2`"]}
{"tag":"ArgsMismatch.fst(21,19-21,34)","counter":{"id":"FStarC.TypeChecker.Tc.process_one_decl","total_time":388273,"running":false,"undercount":false}}
{"msg":["Expected failure:","Inconsistent argument qualifiers.","Expected an implicit argument, got an explicit one."],"level":"Info","range":{"def":{"file_name":"ArgsMismatch.fst","start_pos":{"line":22,"col":35},"end_pos":{"line":22,"col":36}},"use":{"file_name":"ArgsMismatch.fst","start_pos":{"line":22,"col":35},"end_pos":{"line":22,"col":36}}},"number":92,"ctx":["While typechecking the top-level declaration `let uu___2`","While typechecking the top-level declaration `[@@expect_failure] let uu___2`"]}
{"tag":"ArgsMismatch.fst(22,19-22,36)","counter":{"id":"FStarC.TypeChecker.Tc.process_one_decl","total_time":348932,"running":false,"undercount":false}}
{"tag":"ArgsMismatch.uu___2","counter":{"id":"FStarC.TypeChecker.Tc.process_one_decl","total_time":215238,"running":false,"undercount":false}}
{"msg":["Expected failure:","Too many arguments to function of type [@@@ 2]y: Prims.int -> Prims.int","Got\n2\narguments","Remaining type is Prims.int"],"level":"Info","range":{"def":{"file_name":"ArgsMismatch.fst","start_pos":{"line":24,"col":34},"end_pos":{"line":24,"col":35}},"use":{"file_name":"ArgsMismatch.fst","start_pos":{"line":24,"col":34},"end_pos":{"line":24,"col":35}}},"number":173,"ctx":["While typechecking the top-level declaration `let uu___3`","While typechecking the top-level declaration `[@@expect_failure] let uu___3`"]}
{"tag":"ArgsMismatch.fst(24,19-24,35)","counter":{"id":"FStarC.TypeChecker.Tc.process_one_decl","total_time":360092,"running":false,"undercount":false}}
{"tag":"ArgsMismatch.qux","counter":{"id":"FStarC.TypeChecker.Tc.process_one_decl","total_time":648532,"running":false,"undercount":false}}
{"msg":["Expected failure:","Too many arguments to function of type [@@@ 2]y: Prims.int -> Prims.int","Got\n2\narguments","Remaining type is Prims.int"],"level":"Info","range":{"def":{"file_name":"ArgsMismatch.fst","start_pos":{"line":28,"col":33},"end_pos":{"line":28,"col":34}},"use":{"file_name":"ArgsMismatch.fst","start_pos":{"line":28,"col":33},"end_pos":{"line":28,"col":34}}},"number":173,"ctx":["While typechecking the top-level declaration `let uu___3`","While typechecking the top-level declaration `[@@expect_failure] let uu___3`"]}
{"tag":"ArgsMismatch.fst(28,19-28,34)","counter":{"id":"FStarC.TypeChecker.Tc.process_one_decl","total_time":400073,"running":false,"undercount":false}}
{"msg":["Expected failure:","Inconsistent argument qualifiers.","Expected an implicit argument, got an explicit one."],"level":"Info","range":{"def":{"file_name":"ArgsMismatch.fst","start_pos":{"line":29,"col":35},"end_pos":{"line":29,"col":36}},"use":{"file_name":"ArgsMismatch.fst","start_pos":{"line":29,"col":35},"end_pos":{"line":29,"col":36}}},"number":92,"ctx":["While typechecking the top-level declaration `let uu___3`","While typechecking the top-level declaration `[@@expect_failure] let uu___3`"]}
{"tag":"ArgsMismatch.fst(29,19-29,36)","counter":{"id":"FStarC.TypeChecker.Tc.process_one_decl","total_time":338271,"running":false,"undercount":false}}
{"tag":"ArgsMismatch.uu___3","counter":{"id":"FStarC.TypeChecker.Tc.process_one_decl","total_time":221457,"running":false,"undercount":false}}
{"msg":["Expected failure:","Too many arguments to function of type [@@@ 2]y: Prims.int -> Prims.int","Got\n2\narguments","Remaining type is Prims.int"],"level":"Info","range":{"def":{"file_name":"ArgsMismatch.fst","start_pos":{"line":31,"col":34},"end_pos":{"line":31,"col":35}},"use":{"file_name":"ArgsMismatch.fst","start_pos":{"line":31,"col":34},"end_pos":{"line":31,"col":35}}},"number":173,"ctx":["While typechecking the top-level declaration `let uu___4`","While typechecking the top-level declaration `[@@expect_failure] let uu___4`"]}
{"tag":"ArgsMismatch.fst(31,19-31,35)","counter":{"id":"FStarC.TypeChecker.Tc.process_one_decl","total_time":358062,"running":false,"undercount":false}}
TOTAL TIME 174 ms: /home/nswamy/clean/FStar/stage3/out/bin/fstar.exe --silent --odir _output --cache_dir _cache --already_cached Prims,FStar --warn_error -321 --warn_error -271 --ext auto_patterns=false --timing --query_stats --warn_error -271 --message_format json --silent -f --print_expected_failures ArgsMismatch.fst
