* Warning 240 at ArgsAndQuals.fst:23.5-23.10:
  - ArgsAndQuals.test1 is declared but no definition was found
  - Add an 'assume' if this is intentional

* Info at ArgsAndQuals.fst:25.17-25.19:
  - Expected failure:
  - Inconsistent implicit argument annotation on argument uu___
  - Got: '#'
  - Expected: '$'

* Warning 240 at ArgsAndQuals.fst:25.1-25.30:
  - Missing definitions in module ArgsAndQuals: test1

