{"msg":["Expected failure:","Assertion failed","The SMT solver could not prove the query. Use --query_stats for more details."],"level":"Info","range":{"def":{"file_name":"Asserts.fst","start_pos":{"line":6,"col":10},"end_pos":{"line":6,"col":18}},"use":{"file_name":"Asserts.fst","start_pos":{"line":6,"col":3},"end_pos":{"line":6,"col":9}}},"number":19,"ctx":["While typechecking the top-level declaration `let test`","While typechecking the top-level declaration `[@@expect_failure] let test`"]}
{"msg":["Expected failure:","Assertion failed","The SMT solver could not prove the query. Use --query_stats for more details."],"level":"Info","range":{"def":{"file_name":"Asserts.fst","start_pos":{"line":11,"col":10},"end_pos":{"line":11,"col":18}},"use":{"file_name":"Asserts.fst","start_pos":{"line":11,"col":3},"end_pos":{"line":11,"col":9}}},"number":19,"ctx":["While typechecking the top-level declaration `let test2`","While typechecking the top-level declaration `[@@expect_failure] let test2`"]}
{"msg":["Expected failure:","Assertion failed","The SMT solver could not prove the query. Use --query_stats for more details."],"level":"Info","range":{"def":{"file_name":"Asserts.fst","start_pos":{"line":16,"col":10},"end_pos":{"line":16,"col":15}},"use":{"file_name":"Asserts.fst","start_pos":{"line":16,"col":3},"end_pos":{"line":16,"col":9}}},"number":19,"ctx":["While typechecking the top-level declaration `let test3`","While typechecking the top-level declaration `[@@expect_failure] let test3`"]}
