* Info at Asserts.fst(6,9-6,17):
  - Expected failure:
  - Assertion failed
  - The SMT solver could not prove the query.
  - Failed to prove: y + 1 == y
  - In context:
      x: Prims.int
      y: Prims.int

* Info at Asserts.fst(11,9-11,17):
  - Expected failure:
  - Assertion failed
  - The SMT solver could not prove the query.
  - Failed to prove: y + 1 == y
  - In context:
      x: Prims.int
      y: Prims.int

* Info at Asserts.fst(16,9-16,14):
  - Expected failure:
  - Assertion failed
  - The SMT solver could not prove the query.
  - Failed to prove: Prims.l_False
  - In context:
      x: Prims.int
      y: Prims.int

