{"msg":["Expected failure:","Tactic failed","Could not solve typeclass constraint `Bug1918.mon`"],"level":"Info","range":{"def":{"file_name":"Bug1918.fst","start_pos":{"line":11,"col":14},"end_pos":{"line":11,"col":15}},"use":{"file_name":"Bug1918.fst","start_pos":{"line":11,"col":14},"end_pos":{"line":11,"col":15}}},"number":228,"ctx":["While synthesizing term with a tactic","Running tactic for meta-arg","While typechecking the top-level declaration `let comp2`","While typechecking the top-level declaration `[@@expect_failure] let comp2`"]}
