{"msg":["Expected failure:","When clauses are not yet supported in --verify mode; they will be some day"],"level":"Info","range":{"def":{"file_name":"Bug2953.fst","start_pos":{"line":14,"col":22},"end_pos":{"line":14,"col":32}},"use":{"file_name":"Bug2953.fst","start_pos":{"line":14,"col":22},"end_pos":{"line":14,"col":32}}},"number":236,"ctx":["While typechecking the top-level declaration `let open_view`","While typechecking the top-level declaration `[@@expect_failure] let open_view`"]}
