>> Got issues: [
* Error 170 at Bug2899.fst(7,12-7,18):
  - Tactic failed
  - Tactic got stuck!
  - Reduction stopped at:
      FStar.Stubs.Tactics.Result.Success (Prims.admit ()) "(((proofstate)))"
  - The term contains an `admit`, which will not reduce. Did you mean `tadmit()`?
  - See also FStar.Tactics.Effect.fsti(215,48-215,58)

>>]
>> Got issues: [
* Error 170 at Bug2899.fst(10,12-10,18):
  - Tactic failed
  - Tactic got stuck!
  - Reduction stopped at: Prims.admit ()
  - The term contains an `admit`, which will not reduce. Did you mean `tadmit()`?
  - See also FStar.Tactics.Effect.fsti(215,48-215,58)

>>]
>> Got issues: [
* Error 170 at Bug2899.fst(13,12-13,18):
  - Tactic failed
  - Tactic got stuck!
  - Reduction stopped at:
      FStar.Stubs.Tactics.V2.Builtins.dump (Prims.admit ()) "(((proofstate)))"
  - The term contains an `admit`, which will not reduce. Did you mean `tadmit()`?
  - See also FStar.Tactics.Effect.fsti(215,48-215,58)

>>]
>> Got issues: [
* Error 170 at Bug2899.fst(17,50-17,66):
  - Tactic failed
  - Tactic got stuck!
  - Reduction stopped at: reify (tac ()) "(((proofstate)))"
  - See also FStar.Tactics.Effect.fsti(215,48-215,58)

>>]
