{"msg":["Implicitly opening namespace 'fstar.' shadows module 'calc' in file \"Calc.fst\".","Rename\n\"Calc.fst\"\nto avoid conflicts."],"level":"Warning","range":{"def":{"file_name":"dummy","start_pos":{"line":0,"col":0},"end_pos":{"line":0,"col":0}},"use":{"file_name":"dummy","start_pos":{"line":0,"col":0},"end_pos":{"line":0,"col":0}}},"number":274,"ctx":[]}
{"tag":"Bug2899.fst(4,0-4,32)","counter":{"id":"FStarC.TypeChecker.Tc.process_one_decl","total_time":70352,"running":false,"undercount":false}}
{"msg":["Expected failure:","Tactic failed","Tactic got stuck!","Reduction stopped at: Prims.admit ()","The term contains an `admit`, which will not reduce. Did you mean `tadmit()`?"],"level":"Info","range":{"def":{"file_name":"/home/nswamy/clean/FStar/stage3/out/lib/fstar/ulib/FStar.Tactics.Effect.fsti","start_pos":{"line":167,"col":48},"end_pos":{"line":167,"col":58}},"use":{"file_name":"Bug2899.fst","start_pos":{"line":7,"col":12},"end_pos":{"line":7,"col":18}}},"number":170,"ctx":["While preprocessing VC with a tactic","While checking for top-level effects","While typechecking the top-level declaration `let test0`","While typechecking the top-level declaration `[@@expect_failure] let test0`"]}
{"tag":"Bug2899.fst(7,0-7,35)","counter":{"id":"FStarC.TypeChecker.Tc.process_one_decl","total_time":4137512,"running":false,"undercount":false}}
{"msg":["Expected failure:","Tactic failed","Tactic got stuck!","Reduction stopped at: Prims.admit ()","The term contains an `admit`, which will not reduce. Did you mean `tadmit()`?"],"level":"Info","range":{"def":{"file_name":"/home/nswamy/clean/FStar/stage3/out/lib/fstar/ulib/FStar.Tactics.Effect.fsti","start_pos":{"line":167,"col":48},"end_pos":{"line":167,"col":58}},"use":{"file_name":"Bug2899.fst","start_pos":{"line":10,"col":12},"end_pos":{"line":10,"col":18}}},"number":170,"ctx":["While preprocessing VC with a tactic","While checking for top-level effects","While typechecking the top-level declaration `let test1`","While typechecking the top-level declaration `[@@expect_failure] let test1`"]}
{"tag":"Bug2899.fst(10,0-10,81)","counter":{"id":"FStarC.TypeChecker.Tc.process_one_decl","total_time":14281961,"running":false,"undercount":false}}
{"msg":["Expected failure:","Tactic failed","Tactic got stuck!","Reduction stopped at:\n  FStar.Stubs.Tactics.V2.Builtins.dump (Prims.admit ()) \"(((ref proofstate)))\"","The term contains an `admit`, which will not reduce. Did you mean `tadmit()`?"],"level":"Info","range":{"def":{"file_name":"/home/nswamy/clean/FStar/stage3/out/lib/fstar/ulib/FStar.Tactics.Effect.fsti","start_pos":{"line":167,"col":48},"end_pos":{"line":167,"col":58}},"use":{"file_name":"Bug2899.fst","start_pos":{"line":13,"col":12},"end_pos":{"line":13,"col":18}}},"number":170,"ctx":["While preprocessing VC with a tactic","While checking for top-level effects","While typechecking the top-level declaration `let test2`","While typechecking the top-level declaration `[@@expect_failure] let test2`"]}
{"tag":"Bug2899.fst(13,0-13,45)","counter":{"id":"FStarC.TypeChecker.Tc.process_one_decl","total_time":6128131,"running":false,"undercount":false}}
{"msg":["Expected failure:","Tactic failed","Tactic got stuck!","Reduction stopped at: reify (tac ()) \"(((ref proofstate)))\"",""],"level":"Info","range":{"def":{"file_name":"/home/nswamy/clean/FStar/stage3/out/lib/fstar/ulib/FStar.Tactics.Effect.fsti","start_pos":{"line":167,"col":48},"end_pos":{"line":167,"col":58}},"use":{"file_name":"Bug2899.fst","start_pos":{"line":17,"col":50},"end_pos":{"line":17,"col":66}}},"number":170,"ctx":["While preprocessing VC with a tactic","While typechecking the top-level declaration `let eval_tactic`","While typechecking the top-level declaration `[@@expect_failure] let eval_tactic`"]}
{"tag":"Bug2899.fst(17,0-17,75)","counter":{"id":"FStarC.TypeChecker.Tc.process_one_decl","total_time":3994507,"running":false,"undercount":false}}
TOTAL TIME 542 ms: /home/nswamy/clean/FStar/stage3/out/bin/fstar.exe --silent --odir _output --cache_dir _cache --already_cached Prims,FStar --warn_error -321 --warn_error -271 --ext auto_patterns=false --timing --query_stats --warn_error -271 --message_format json --silent -f --print_expected_failures Bug2899.fst
