Module after desugaring:
module Bug3145
Declarations: [
let t1 = Prims.int & Prims.int & Prims.int
let t2 = (Prims.int & Prims.int) & Prims.int
let t3 = Prims.int & (Prims.int & Prims.int)
let t4 = Prims.int & Prims.int & Prims.int
]

Module before type checking:
module Bug3145
Declarations: [
let t1 = Prims.int & Prims.int & Prims.int
let t2 = (Prims.int & Prims.int) & Prims.int
let t3 = Prims.int & (Prims.int & Prims.int)
let t4 = Prims.int & Prims.int & Prims.int
]

Module after type checking:
module Bug3145
Declarations: [
let t1 = Prims.int & Prims.int & Prims.int
let t2 = (Prims.int & Prims.int) & Prims.int
let t3 = Prims.int & (Prims.int & Prims.int)
let t4 = Prims.int & Prims.int & Prims.int
]

