{"msg":["Expected failure:","Failed to resolve implicit argument ?52\nof type\n\n        g: FStar.Stubs.Reflection.Types.env ->\n        t1: FStar.Tactics.NamedView.term ->\n        t2: FStar.Tactics.NamedView.term\n      -> FStar.Reflection.TermSpec.term_spec\nintroduced for\n    user-provided implicit term at Bug3102.fst(24,90-24,91); force delayed"],"level":"Info","range":{"def":{"file_name":"Bug3102.fst","start_pos":{"line":24,"col":90},"end_pos":{"line":24,"col":91}},"use":{"file_name":"Bug3102.fst","start_pos":{"line":24,"col":90},"end_pos":{"line":24,"col":91}}},"number":66,"ctx":["While checking for top-level effects","While typechecking the top-level declaration ‘let test1’","While typechecking the top-level declaration ‘[@@expect_failure] let test1’"]}
{"msg":["Expected failure:","(*?u31*)_ is not equal to the expected type e2"],"level":"Info","range":{"def":{"file_name":"Bug3102.fst","start_pos":{"line":33,"col":4},"end_pos":{"line":33,"col":27}},"use":{"file_name":"Bug3102.fst","start_pos":{"line":33,"col":4},"end_pos":{"line":33,"col":27}}},"number":54,"ctx":["While solving deferred constraints","solve_non_tactic_deferred_constraints","While typechecking the top-level declaration ‘let test2’","While typechecking the top-level declaration ‘[@@expect_failure] let test2’"]}
