{"msg":["Implicitly opening namespace 'fstar.' shadows module 'calc' in file \"Calc.fst\".","Rename\n\"Calc.fst\"\nto avoid conflicts."],"level":"Warning","range":{"def":{"file_name":"dummy","start_pos":{"line":0,"col":0},"end_pos":{"line":0,"col":0}},"use":{"file_name":"dummy","start_pos":{"line":0,"col":0},"end_pos":{"line":0,"col":0}}},"number":274,"ctx":[]}
{"tag":"Bug3102.eqto","counter":{"id":"FStarC.TypeChecker.Tc.process_one_decl","total_time":1073848,"running":false,"undercount":false}}
{"tag":"Bug3102.tt","counter":{"id":"FStarC.TypeChecker.Tc.process_one_decl","total_time":737665,"running":false,"undercount":false}}
{"msg":["Expected failure:","Bound variable\n'e1'\nwould escape in the type of this letbinding","Add a type annotation that does not mention it"],"level":"Info","range":{"def":{"file_name":"Bug3102.fst","start_pos":{"line":8,"col":17},"end_pos":{"line":10,"col":9}},"use":{"file_name":"Bug3102.fst","start_pos":{"line":8,"col":17},"end_pos":{"line":10,"col":9}}},"number":56,"ctx":["While checking for escaped variables","While typechecking the top-level declaration `let min`","While typechecking the top-level declaration `[@@expect_failure] let min`"]}
{"tag":"Bug3102.fst(7,0-10,9)","counter":{"id":"FStarC.TypeChecker.Tc.process_one_decl","total_time":954473,"running":false,"undercount":false}}
{"tag":"Bug3102.test0","counter":{"id":"FStarC.TypeChecker.Tc.process_one_decl","total_time":6776933,"running":false,"undercount":false}}
{"msg":["Expected failure:","(*?u23*)_ g t1 t2 is not equal to the expected type e2"],"level":"Info","range":{"def":{"file_name":"Bug3102.fst","start_pos":{"line":23,"col":4},"end_pos":{"line":23,"col":27}},"use":{"file_name":"Bug3102.fst","start_pos":{"line":23,"col":4},"end_pos":{"line":23,"col":27}}},"number":54,"ctx":["While solving deferred constraints","solve_non_tactic_deferred_constraints","While typechecking the top-level declaration `let test1`","While typechecking the top-level declaration `[@@expect_failure] let test1`"]}
{"tag":"Bug3102.fst(20,0-23,27)","counter":{"id":"FStarC.TypeChecker.Tc.process_one_decl","total_time":2227466,"running":false,"undercount":false}}
{"msg":["Expected failure:","(*?u20*)_ is not equal to the expected type e2"],"level":"Info","range":{"def":{"file_name":"Bug3102.fst","start_pos":{"line":29,"col":4},"end_pos":{"line":29,"col":27}},"use":{"file_name":"Bug3102.fst","start_pos":{"line":29,"col":4},"end_pos":{"line":29,"col":27}}},"number":54,"ctx":["While solving deferred constraints","solve_non_tactic_deferred_constraints","While typechecking the top-level declaration `let test2`","While typechecking the top-level declaration `[@@expect_failure] let test2`"]}
{"tag":"Bug3102.fst(26,0-29,27)","counter":{"id":"FStarC.TypeChecker.Tc.process_one_decl","total_time":2452434,"running":false,"undercount":false}}
{"msg":["Expected failure:","Bound variable\n'e2'\nwould escape in the type of this letbinding","Add a type annotation that does not mention it"],"level":"Info","range":{"def":{"file_name":"Bug3102.fst","start_pos":{"line":33,"col":29},"end_pos":{"line":35,"col":27}},"use":{"file_name":"Bug3102.fst","start_pos":{"line":33,"col":29},"end_pos":{"line":35,"col":27}}},"number":56,"ctx":["While checking for escaped variables","While typechecking the top-level declaration `let test3`","While typechecking the top-level declaration `[@@expect_failure] let test3`"]}
{"tag":"Bug3102.fst(32,0-35,27)","counter":{"id":"FStarC.TypeChecker.Tc.process_one_decl","total_time":2355931,"running":false,"undercount":false}}
{"tag":"Bug3102.ff","counter":{"id":"FStarC.TypeChecker.Tc.process_one_decl","total_time":1195091,"running":false,"undercount":false}}
{"msg":["Expected failure:","Bound variable\n'z'\nwould escape in the type of this letbinding","Add a type annotation that does not mention it"],"level":"Info","range":{"def":{"file_name":"Bug3102.fst","start_pos":{"line":41,"col":16},"end_pos":{"line":43,"col":8}},"use":{"file_name":"Bug3102.fst","start_pos":{"line":41,"col":16},"end_pos":{"line":43,"col":8}}},"number":56,"ctx":["While checking for escaped variables","While typechecking the top-level declaration `let gg`","While typechecking the top-level declaration `[@@expect_failure] let gg`"]}
{"tag":"Bug3102.fst(40,0-43,8)","counter":{"id":"FStarC.TypeChecker.Tc.process_one_decl","total_time":1247473,"running":false,"undercount":false}}
{"tag":"Bug3102.f","counter":{"id":"FStarC.TypeChecker.Tc.process_one_decl","total_time":924422,"running":false,"undercount":false}}
{"msg":["Expected failure:","Bound variable\n'z'\nwould escape in the type of this letbinding","Add a type annotation that does not mention it"],"level":"Info","range":{"def":{"file_name":"Bug3102.fst","start_pos":{"line":49,"col":16},"end_pos":{"line":51,"col":7}},"use":{"file_name":"Bug3102.fst","start_pos":{"line":49,"col":16},"end_pos":{"line":51,"col":7}}},"number":56,"ctx":["While checking for escaped variables","While typechecking the top-level declaration `let g`","While typechecking the top-level declaration `[@@expect_failure] let g`"]}
{"tag":"Bug3102.fst(48,0-51,7)","counter":{"id":"FStarC.TypeChecker.Tc.process_one_decl","total_time":2349940,"running":false,"undercount":false}}
TOTAL TIME 552 ms: /home/nswamy/clean/FStar/stage3/out/bin/fstar.exe --silent --odir _output --cache_dir _cache --already_cached Prims,FStar --warn_error -321 --warn_error -271 --ext auto_patterns=false --timing --query_stats --warn_error -271 --message_format json --silent -f --print_expected_failures Bug3102.fst
