* Info at Bug3232c.fst(8,0-8,12):
  - Expected failure:
  - Inconsistent qualifier annotations on Bug3232c.f
  - Expected '[inline_for_extraction; noextract]' got '[noextract]'
  - Only in declaration: '[inline_for_extraction]'

* Warning 240 at Bug3232c.fst(4,4-4,5):
  - Bug3232c.f is declared but no definition was found
  - Add an 'assume' if this is intentional

* Warning 240 at Bug3232c.fst(8,0-8,12):
  - Missing definitions in module Bug3232c: f

