* Info at Calc.fst(11,2-11,13):
  - Expected failure:
  - Could not prove that this calc-chain is compatible
  - The SMT solver could not prove the query. Use --query_stats for more
    details.
  - See also FStar.Calc.fsti(47,50-47,55)

* Info at Calc.fst(21,2-27,3):
  - Expected failure:
  - Could not prove that this calc-chain is compatible
  - The SMT solver could not prove the query. Use --query_stats for more
    details.
  - See also Calc.fst(21,7-21,11)

* Info at Calc.fst(32,2-34,3):
  - Expected failure:
  - Could not prove that this calc-chain is compatible
  - The SMT solver could not prove the query. Use --query_stats for more
    details.
  - See also Calc.fst(32,7-32,10)

* Info at Calc.fst(39,2-43,3):
  - Expected failure:
  - Could not prove that this calc-chain is compatible
  - The SMT solver could not prove the query. Use --query_stats for more
    details.
  - See also Calc.fst(39,7-39,10)

* Info at Calc.fst(50,6-50,8):
  - Expected failure:
  - Subtyping check failed
  - Expected type Prims.squash (1 == 2) got type Prims.unit
  - The SMT solver could not prove the query. Use --query_stats for more
    details.
  - See also Calc.fst(50,3-50,5)

* Info at Calc.fst(64,6-64,8):
  - Expected failure:
  - Subtyping check failed
  - Expected type Prims.squash (2 == 3) got type Prims.unit
  - The SMT solver could not prove the query. Use --query_stats for more
    details.
  - See also Calc.fst(64,3-64,5)

* Info at Calc.fst(78,6-78,8):
  - Expected failure:
  - Subtyping check failed
  - Expected type Prims.squash (3 == 4) got type Prims.unit
  - The SMT solver could not prove the query. Use --query_stats for more
    details.
  - See also Calc.fst(78,3-78,5)

* Info at Calc.fst(92,42-92,44):
  - Expected failure:
  - Subtyping check failed
  - Expected type Prims.squash q got type Prims.unit
  - The SMT solver could not prove the query. Use --query_stats for more
    details.
  - See also Calc.fst(90,20-90,21)

* Info at Calc.fst(99,10-99,12):
  - Expected failure:
  - Subtyping check failed
  - Expected type Prims.squash q got type Prims.unit
  - The SMT solver could not prove the query. Use --query_stats for more
    details.
  - See also Calc.fst(100,4-100,5)

* Info at Calc.fst(113,17-113,25):
  - Expected failure:
  - Assertion failed
  - The SMT solver could not prove the query. Use --query_stats for more
    details.
  - See also Calc.fst(104,12-104,17)

* Info at Calc.fst(120,9-120,17):
  - Expected failure:
  - Assertion failed
  - The SMT solver could not prove the query. Use --query_stats for more
    details.
  - See also Calc.fst(104,12-104,17)

