>> Got issues: [
Calc.fst(12,2-17,23): (Error 19) assertion failed (Also see: FStar.Calc.fst(29,44-29,49)); The solver found a (partial) counterexample, try to spell your proof in more detail or increase fuel/ifuel
>>]
>> Got issues: [
Calc.fst(22,2-28,3): (Error 19) assertion failed; The solver found a (partial) counterexample, try to spell your proof in more detail or increase fuel/ifuel (see also Calc.fst(22,7-22,11))
>>]
>> Got issues: [
Calc.fst(33,2-35,3): (Error 19) assertion failed; The solver found a (partial) counterexample, try to spell your proof in more detail or increase fuel/ifuel (see also Calc.fst(33,7-33,10))
>>]
>> Got issues: [
Calc.fst(40,2-44,3): (Error 19) assertion failed; The solver found a (partial) counterexample, try to spell your proof in more detail or increase fuel/ifuel (see also Calc.fst(40,7-40,10))
>>]
>> Got issues: [
Calc.fst(51,6-51,8): (Error 19) Subtyping check failed; expected type Prims.squash (1 == 2); got type Prims.unit; The solver found a (partial) counterexample, try to spell your proof in more detail or increase fuel/ifuel (see also Calc.fst(51,3-51,5))
>>]
>> Got issues: [
Calc.fst(65,6-65,8): (Error 19) Subtyping check failed; expected type Prims.squash (2 == 3); got type Prims.unit; The solver found a (partial) counterexample, try to spell your proof in more detail or increase fuel/ifuel (see also Calc.fst(65,3-65,5))
>>]
>> Got issues: [
Calc.fst(79,6-79,8): (Error 19) Subtyping check failed; expected type Prims.squash (3 == 4); got type Prims.unit; The solver found a (partial) counterexample, try to spell your proof in more detail or increase fuel/ifuel (see also Calc.fst(79,3-79,5))
>>]
>> Got issues: [
Calc.fst(93,42-93,44): (Error 19) Subtyping check failed; expected type Prims.squash Calc.q; got type Prims.unit; The solver found a (partial) counterexample, try to spell your proof in more detail or increase fuel/ifuel (see also Calc.fst(91,20-91,21))
>>]
>> Got issues: [
Calc.fst(100,10-100,12): (Error 19) Subtyping check failed; expected type Prims.squash Calc.q; got type Prims.unit; The solver found a (partial) counterexample, try to spell your proof in more detail or increase fuel/ifuel (see also Calc.fst(101,4-101,5))
>>]
>> Got issues: [
Calc.fst(114,17-114,25): (Error 19) assertion failed; The solver found a (partial) counterexample, try to spell your proof in more detail or increase fuel/ifuel (see also Calc.fst(105,12-105,17))
>>]
>> Got issues: [
Calc.fst(121,9-121,17): (Error 19) assertion failed; The solver found a (partial) counterexample, try to spell your proof in more detail or increase fuel/ifuel (see also Calc.fst(105,12-105,17))
>>]
Verified module: Calc
All verification conditions discharged successfully
