{"msg":["Expected failure:","Computed type Prims.int\nand effect GTot\nis not compatible with the annotated type Prims.int\nand effect Tot"],"level":"Info","range":{"def":{"file_name":"Coercions.fst","start_pos":{"line":6,"col":39},"end_pos":{"line":6,"col":40}},"use":{"file_name":"Coercions.fst","start_pos":{"line":6,"col":39},"end_pos":{"line":6,"col":40}}},"number":34,"ctx":["While typechecking the top-level declaration `let test0`","While typechecking the top-level declaration `[@@expect_failure] let test0`"]}
{"msg":["Expected failure:","Computed type 'a\nand effect GTot\nis not compatible with the annotated type 'a\nand effect Tot"],"level":"Info","range":{"def":{"file_name":"Coercions.fst","start_pos":{"line":19,"col":38},"end_pos":{"line":19,"col":39}},"use":{"file_name":"Coercions.fst","start_pos":{"line":19,"col":38},"end_pos":{"line":19,"col":39}}},"number":34,"ctx":["While typechecking the top-level declaration `let test0'`","While typechecking the top-level declaration `[@@expect_failure] let test0'`"]}
{"msg":["Expected failure:","Subtyping check failed","Expected type Prims.nat\ngot type Prims.int","The SMT solver could not prove the query. Use --query_stats for more details."],"level":"Info","range":{"def":{"file_name":"Prims.fst","start_pos":{"line":682,"col":19},"end_pos":{"line":682,"col":25}},"use":{"file_name":"Coercions.fst","start_pos":{"line":71,"col":5},"end_pos":{"line":71,"col":9}}},"number":19,"ctx":["While typechecking the top-level declaration `let test_literal_bad`","While typechecking the top-level declaration `[@@expect_failure] let test_literal_bad`"]}
{"msg":["Expected failure:","Subtyping check failed","Expected type Prims.nat\ngot type Prims.int","The SMT solver could not prove the query. Use --query_stats for more details."],"level":"Info","range":{"def":{"file_name":"Prims.fst","start_pos":{"line":682,"col":19},"end_pos":{"line":682,"col":25}},"use":{"file_name":"Coercions.fst","start_pos":{"line":74,"col":50},"end_pos":{"line":74,"col":58}}},"number":19,"ctx":["While typechecking the top-level declaration `let test_int_nat_1`","While typechecking the top-level declaration `[@@expect_failure] let test_int_nat_1`"]}
{"msg":["Expected failure:","Subtyping check failed","Expected type Prims.nat\ngot type Prims.int","The SMT solver could not prove the query. Use --query_stats for more details."],"level":"Info","range":{"def":{"file_name":"Prims.fst","start_pos":{"line":682,"col":19},"end_pos":{"line":682,"col":25}},"use":{"file_name":"Coercions.fst","start_pos":{"line":76,"col":56},"end_pos":{"line":76,"col":57}}},"number":19,"ctx":["While typechecking the top-level declaration `let test_int_nat_2`","While typechecking the top-level declaration `[@@expect_failure] let test_int_nat_2`"]}
{"msg":["Expected failure:","Subtyping check failed","Expected type Prims.nat\ngot type Prims.int","The SMT solver could not prove the query. Use --query_stats for more details."],"level":"Info","range":{"def":{"file_name":"Prims.fst","start_pos":{"line":682,"col":19},"end_pos":{"line":682,"col":25}},"use":{"file_name":"Coercions.fst","start_pos":{"line":78,"col":51},"end_pos":{"line":78,"col":52}}},"number":19,"ctx":["While typechecking the top-level declaration `let test_int_nat_1'`","While typechecking the top-level declaration `[@@expect_failure] let test_int_nat_1'`"]}
{"msg":["Expected failure:","Subtyping check failed","Expected type Prims.nat\ngot type Prims.int","The SMT solver could not prove the query. Use --query_stats for more details."],"level":"Info","range":{"def":{"file_name":"Prims.fst","start_pos":{"line":682,"col":19},"end_pos":{"line":682,"col":25}},"use":{"file_name":"Coercions.fst","start_pos":{"line":80,"col":52},"end_pos":{"line":80,"col":53}}},"number":19,"ctx":["While typechecking the top-level declaration `let test_int_nat_2'`","While typechecking the top-level declaration `[@@expect_failure] let test_int_nat_2'`"]}
