{"msg":["Erasable.e_nat_3\nis declared but no definition was found","Add an 'assume' if this is intentional"],"level":"Warning","range":{"def":{"file_name":"Erasable.fst","start_pos":{"line":56,"col":5},"end_pos":{"line":56,"col":12}},"use":{"file_name":"Erasable.fst","start_pos":{"line":56,"col":5},"end_pos":{"line":56,"col":12}}},"number":240,"ctx":["While desugaring module Erasable"]}
{"msg":["Erasable.e_nat_2\nis declared but no definition was found","Add an 'assume' if this is intentional"],"level":"Warning","range":{"def":{"file_name":"Erasable.fst","start_pos":{"line":49,"col":5},"end_pos":{"line":49,"col":12}},"use":{"file_name":"Erasable.fst","start_pos":{"line":49,"col":5},"end_pos":{"line":49,"col":12}}},"number":240,"ctx":["While desugaring module Erasable"]}
{"msg":["Expected failure:","Incompatible attributes and qualifiers: erasable types do not support decidable\nequality and must be marked `noeq`."],"level":"Info","range":{"def":{"file_name":"Erasable.fst","start_pos":{"line":6,"col":1},"end_pos":{"line":8,"col":18}},"use":{"file_name":"Erasable.fst","start_pos":{"line":6,"col":1},"end_pos":{"line":8,"col":18}}},"number":162,"ctx":["While typechecking the top-level declaration `type Erasable.t0`","While typechecking the top-level declaration `[@@expect_failure] type Erasable.t0`"]}
{"msg":["Expected failure:","Computed type Prims.int\nand effect Prims.GHOST\nis not compatible with the annotated type Prims.int\nand effect Tot"],"level":"Info","range":{"def":{"file_name":"Erasable.fst","start_pos":{"line":18,"col":3},"end_pos":{"line":20,"col":16}},"use":{"file_name":"Erasable.fst","start_pos":{"line":18,"col":3},"end_pos":{"line":20,"col":16}}},"number":34,"ctx":["While typechecking the top-level declaration `let test0_fail`","While typechecking the top-level declaration `[@@expect_failure] let test0_fail`"]}
{"msg":["Expected failure:","Computed type Prims.int\nand effect GTot\nis not compatible with the annotated type Prims.int\nand effect Tot"],"level":"Info","range":{"def":{"file_name":"Erasable.fst","start_pos":{"line":28,"col":43},"end_pos":{"line":28,"col":53}},"use":{"file_name":"Erasable.fst","start_pos":{"line":28,"col":43},"end_pos":{"line":28,"col":53}}},"number":34,"ctx":["While typechecking the top-level declaration `let test1_fail`","While typechecking the top-level declaration `[@@expect_failure] let test1_fail`"]}
{"msg":["Expected failure:","Illegal attribute: the `erasable` attribute is only permitted on inductive type\ndefinitions and abbreviations for non-informative types.","The term\nPrims.nat\nis considered informative."],"level":"Info","range":{"def":{"file_name":"Erasable.fst","start_pos":{"line":41,"col":13},"end_pos":{"line":41,"col":16}},"use":{"file_name":"Erasable.fst","start_pos":{"line":41,"col":13},"end_pos":{"line":41,"col":16}}},"number":162,"ctx":["While typechecking the top-level declaration `let e_nat`","While typechecking the top-level declaration `[@@expect_failure] let e_nat`"]}
{"msg":["Expected failure:","Mismatch of attributes between declaration and definition.","Declaration is marked `erasable` but the definition is not."],"level":"Info","range":{"def":{"file_name":"Erasable.fst","start_pos":{"line":52,"col":1},"end_pos":{"line":52,"col":18}},"use":{"file_name":"Erasable.fst","start_pos":{"line":52,"col":1},"end_pos":{"line":52,"col":18}}},"number":162,"ctx":["While typechecking the top-level declaration `let e_nat_2`","While typechecking the top-level declaration `[@@expect_failure] let e_nat_2`"]}
{"msg":["Expected failure:","Mismatch of attributes between declaration and definition.","Declaration is marked `erasable` but the definition is not."],"level":"Info","range":{"def":{"file_name":"Erasable.fst","start_pos":{"line":59,"col":1},"end_pos":{"line":59,"col":30}},"use":{"file_name":"Erasable.fst","start_pos":{"line":59,"col":1},"end_pos":{"line":59,"col":30}}},"number":162,"ctx":["While typechecking the top-level declaration `type Erasable.e_nat_3`","While typechecking the top-level declaration `[@@expect_failure] type Erasable.e_nat_3`"]}
{"msg":["Missing definitions in module Erasable:\n  e_nat_2\n  e_nat_3"],"level":"Warning","range":{"def":{"file_name":"Erasable.fst","start_pos":{"line":73,"col":1},"end_pos":{"line":73,"col":20}},"use":{"file_name":"Erasable.fst","start_pos":{"line":73,"col":1},"end_pos":{"line":73,"col":20}}},"number":240,"ctx":[]}
