{"msg":["Expected failure:","Expected expression of type Prims.int\ngot expression 'a'\nof type FStar.Char.char"],"level":"Info","range":{"def":{"file_name":"ExpectFailure.fst","start_pos":{"line":20,"col":12},"end_pos":{"line":20,"col":15}},"use":{"file_name":"ExpectFailure.fst","start_pos":{"line":20,"col":12},"end_pos":{"line":20,"col":15}}},"number":189,"ctx":["While typechecking the top-level declaration `let uu___0`","While typechecking the top-level declaration `[@@expect_failure] let uu___0`"]}
{"msg":["Expected failure:","Expected expression of type Prims.int\ngot expression 'a'\nof type FStar.Char.char"],"level":"Info","range":{"def":{"file_name":"ExpectFailure.fst","start_pos":{"line":24,"col":12},"end_pos":{"line":24,"col":15}},"use":{"file_name":"ExpectFailure.fst","start_pos":{"line":24,"col":12},"end_pos":{"line":24,"col":15}}},"number":189,"ctx":["While typechecking the top-level declaration `let uu___0`","While typechecking the top-level declaration `[@@expect_failure] let uu___0`"]}
{"msg":["Expected failure:","Assertion failed","The SMT solver could not prove the query. Use --query_stats for more details."],"level":"Info","range":{"def":{"file_name":"ExpectFailure.fst","start_pos":{"line":28,"col":15},"end_pos":{"line":28,"col":20}},"use":{"file_name":"ExpectFailure.fst","start_pos":{"line":28,"col":8},"end_pos":{"line":28,"col":14}}},"number":19,"ctx":["While checking for top-level effects","While typechecking the top-level declaration `let uu___0`","While typechecking the top-level declaration `[@@expect_failure] let uu___0`"]}
{"msg":["Expected failure:","Assertion failed","The SMT solver could not prove the query. Use --query_stats for more details."],"level":"Info","range":{"def":{"file_name":"ExpectFailure.fst","start_pos":{"line":30,"col":15},"end_pos":{"line":30,"col":20}},"use":{"file_name":"ExpectFailure.fst","start_pos":{"line":30,"col":8},"end_pos":{"line":30,"col":14}}},"number":19,"ctx":["While checking for top-level effects","While typechecking the top-level declaration `let uu___0`","While typechecking the top-level declaration `[@@expect_failure] let uu___0`"]}
{"msg":["Expected failure:","Expected expression of type Prims.int\ngot expression 'a'\nof type FStar.Char.char"],"level":"Info","range":{"def":{"file_name":"ExpectFailure.fst","start_pos":{"line":43,"col":12},"end_pos":{"line":43,"col":15}},"use":{"file_name":"ExpectFailure.fst","start_pos":{"line":43,"col":12},"end_pos":{"line":43,"col":15}}},"number":189,"ctx":["While typechecking the top-level declaration `let uu___0`","While typechecking the top-level declaration `[@@expect_failure] let uu___0`"]}
{"msg":["Expected failure:","Expected expression of type Prims.int\ngot expression 'a'\nof type FStar.Char.char"],"level":"Info","range":{"def":{"file_name":"ExpectFailure.fst","start_pos":{"line":50,"col":12},"end_pos":{"line":50,"col":15}},"use":{"file_name":"ExpectFailure.fst","start_pos":{"line":50,"col":12},"end_pos":{"line":50,"col":15}}},"number":189,"ctx":["While typechecking the top-level declaration `let uu___0`","While typechecking the top-level declaration `[@@expect_failure] let uu___0`"]}
{"msg":["Expected failure:","Expected expression of type Prims.int\ngot expression 'a'\nof type FStar.Char.char"],"level":"Info","range":{"def":{"file_name":"ExpectFailure.fst","start_pos":{"line":61,"col":12},"end_pos":{"line":61,"col":15}},"use":{"file_name":"ExpectFailure.fst","start_pos":{"line":61,"col":12},"end_pos":{"line":61,"col":15}}},"number":189,"ctx":["While typechecking the top-level declaration `let uu___0`","While typechecking the top-level declaration `[@@expect_failure] let uu___0`"]}
