{"msg":["Expected failure:","Computed type Prims.nat\nand effect Prims.GHOST\nis not compatible with the annotated type Prims.nat\nand effect Tot"],"level":"Info","range":{"def":{"file_name":"GhostImplicits.fst","start_pos":{"line":25,"col":55},"end_pos":{"line":25,"col":58}},"use":{"file_name":"GhostImplicits.fst","start_pos":{"line":25,"col":55},"end_pos":{"line":25,"col":58}}},"number":34,"ctx":["While typechecking the top-level declaration `let test3`","While typechecking the top-level declaration `[@@expect_failure] let test3`"]}
