{"msg":["Expected failure:","Invalid qualifiers for declaration `val IncompatibleQuals.x`","Qualifiers\n`assume`\nand\n`inline_for_extraction`\nare not compatible."],"level":"Info","range":{"def":{"file_name":"IncompatibleQuals.fst","start_pos":{"line":7,"col":1},"end_pos":{"line":7,"col":12}},"use":{"file_name":"IncompatibleQuals.fst","start_pos":{"line":7,"col":1},"end_pos":{"line":7,"col":12}}},"number":162,"ctx":["While typechecking the top-level declaration `val IncompatibleQuals.x`","While typechecking the top-level declaration `[@@expect_failure] val IncompatibleQuals.x`"]}
{"msg":["Expected failure:","Invalid qualifiers for declaration `val IncompatibleQuals.__proj__Mkr1__item__x`","Qualifiers\n`assume`\nand\n`inline_for_extraction`\nare not compatible."],"level":"Info","range":{"def":{"file_name":"IncompatibleQuals.fst","start_pos":{"line":13,"col":2},"end_pos":{"line":13,"col":3}},"use":{"file_name":"IncompatibleQuals.fst","start_pos":{"line":13,"col":2},"end_pos":{"line":13,"col":3}}},"number":162,"ctx":["While typechecking the top-level declaration `val IncompatibleQuals.__proj__Mkr1__item__x`","While typechecking the top-level declaration `[@@expect_failure] type IncompatibleQuals.r1`"]}
{"msg":["Expected failure:","Invalid qualifiers for declaration `val IncompatibleQuals.uu___is_A1`","Qualifiers\n`assume`\nand\n`inline_for_extraction`\nare not compatible."],"level":"Info","range":{"def":{"file_name":"IncompatibleQuals.fst","start_pos":{"line":33,"col":4},"end_pos":{"line":33,"col":6}},"use":{"file_name":"IncompatibleQuals.fst","start_pos":{"line":33,"col":4},"end_pos":{"line":33,"col":6}}},"number":162,"ctx":["While typechecking the top-level declaration `val IncompatibleQuals.uu___is_A1`","While typechecking the top-level declaration `[@@expect_failure] type IncompatibleQuals.var1`"]}
{"msg":["Expected failure:","Invalid qualifiers for declaration `let t`","Definitions cannot be marked `assume`."],"level":"Info","range":{"def":{"file_name":"IncompatibleQuals.fst","start_pos":{"line":47,"col":6},"end_pos":{"line":47,"col":7}},"use":{"file_name":"IncompatibleQuals.fst","start_pos":{"line":47,"col":6},"end_pos":{"line":47,"col":7}}},"number":162,"ctx":["While typechecking the top-level declaration `let t`","While typechecking the top-level declaration `[@@expect_failure] let t`"]}
