{"msg":["Expected failure:","Subtyping check failed","Expected type\n  right:\n  FStar.Pervasives.Native.option (tree 2)\n    { 0 <= 1 /\\ 1 <= 2 /\\ None? right == (1 = 2) /\\\n      None? FStar.Pervasives.Native.None == (1 = 0) }\ngot type FStar.Pervasives.Native.option (tree 2)","The SMT solver could not prove the query. Use --query_stats for more details."],"level":"Info","range":{"def":{"file_name":"NegativeTests.BST.fst","start_pos":{"line":27,"col":37},"end_pos":{"line":27,"col":59}},"use":{"file_name":"NegativeTests.BST.fst","start_pos":{"line":37,"col":39},"end_pos":{"line":37,"col":43}}},"number":19,"ctx":["While typechecking the top-level declaration `let bad_node_1`","While typechecking the top-level declaration `[@@expect_failure] let bad_node_1`"]}
{"msg":["Expected failure:","Subtyping check failed","Expected type\n  right:\n  FStar.Pervasives.Native.option (tree (l + 1))\n    { l <= l /\\ l <= l + 1 /\\ None? right == (l = l + 1) /\\\n      None? (FStar.Pervasives.Native.Some t) == (l = l) }\ngot type FStar.Pervasives.Native.option (tree (l + 1))","The SMT solver could not prove the query. Use --query_stats for more details."],"level":"Info","range":{"def":{"file_name":"NegativeTests.BST.fst","start_pos":{"line":27,"col":37},"end_pos":{"line":27,"col":59}},"use":{"file_name":"NegativeTests.BST.fst","start_pos":{"line":40,"col":62},"end_pos":{"line":40,"col":66}}},"number":19,"ctx":["While typechecking the top-level declaration `let bad_node_2`","While typechecking the top-level declaration `[@@expect_failure] let bad_node_2`"]}
{"msg":["Expected failure:","Subtyping check failed","Expected type\n  right:\n  FStar.Pervasives.Native.option (tree (l + 1))\n    { l <= l + 1 /\\ l + 1 <= l + 1 /\\ None? right == (l + 1 = l + 1) /\\\n      None? (FStar.Pervasives.Native.Some t1) == (l + 1 = l) }\ngot type FStar.Pervasives.Native.option (tree (l + 1))","The SMT solver could not prove the query. Use --query_stats for more details."],"level":"Info","range":{"def":{"file_name":"NegativeTests.BST.fst","start_pos":{"line":27,"col":37},"end_pos":{"line":27,"col":59}},"use":{"file_name":"NegativeTests.BST.fst","start_pos":{"line":43,"col":79},"end_pos":{"line":43,"col":88}}},"number":19,"ctx":["While typechecking the top-level declaration `let bad_node_3`","While typechecking the top-level declaration `[@@expect_failure] let bad_node_3`"]}
