{"msg":["NegativeTests.Set.should_fail3\nis declared but no definition was found","Add an 'assume' if this is intentional"],"level":"Warning","range":{"def":{"file_name":"NegativeTests.Set.fst","start_pos":{"line":35,"col":5},"end_pos":{"line":35,"col":17}},"use":{"file_name":"NegativeTests.Set.fst","start_pos":{"line":35,"col":5},"end_pos":{"line":35,"col":17}}},"number":240,"ctx":["While desugaring module NegativeTests.Set"]}
{"msg":["NegativeTests.Set.should_fail2\nis declared but no definition was found","Add an 'assume' if this is intentional"],"level":"Warning","range":{"def":{"file_name":"NegativeTests.Set.fst","start_pos":{"line":30,"col":5},"end_pos":{"line":30,"col":17}},"use":{"file_name":"NegativeTests.Set.fst","start_pos":{"line":30,"col":5},"end_pos":{"line":30,"col":17}}},"number":240,"ctx":["While desugaring module NegativeTests.Set"]}
{"msg":["NegativeTests.Set.should_fail1\nis declared but no definition was found","Add an 'assume' if this is intentional"],"level":"Warning","range":{"def":{"file_name":"NegativeTests.Set.fst","start_pos":{"line":25,"col":5},"end_pos":{"line":25,"col":17}},"use":{"file_name":"NegativeTests.Set.fst","start_pos":{"line":25,"col":5},"end_pos":{"line":25,"col":17}}},"number":240,"ctx":["While desugaring module NegativeTests.Set"]}
{"msg":["Expected failure:","Assertion failed","The SMT solver could not prove the query. Use --query_stats for more details."],"level":"Info","range":{"def":{"file_name":"NegativeTests.Set.fst","start_pos":{"line":28,"col":10},"end_pos":{"line":28,"col":31}},"use":{"file_name":"NegativeTests.Set.fst","start_pos":{"line":28,"col":10},"end_pos":{"line":28,"col":31}}},"number":19,"ctx":["While typechecking the top-level declaration `let should_fail1`","While typechecking the top-level declaration `[@@expect_failure] let should_fail1`"]}
{"msg":["Expected failure:","Assertion failed","The SMT solver could not prove the query. Use --query_stats for more details."],"level":"Info","range":{"def":{"file_name":"NegativeTests.Set.fst","start_pos":{"line":33,"col":10},"end_pos":{"line":33,"col":68}},"use":{"file_name":"NegativeTests.Set.fst","start_pos":{"line":33,"col":10},"end_pos":{"line":33,"col":68}}},"number":19,"ctx":["While typechecking the top-level declaration `let should_fail2`","While typechecking the top-level declaration `[@@expect_failure] let should_fail2`"]}
{"msg":["Expected failure:","Assertion failed","The SMT solver could not prove the query. Use --query_stats for more details."],"level":"Info","range":{"def":{"file_name":"NegativeTests.Set.fst","start_pos":{"line":38,"col":10},"end_pos":{"line":38,"col":53}},"use":{"file_name":"NegativeTests.Set.fst","start_pos":{"line":38,"col":10},"end_pos":{"line":38,"col":53}}},"number":19,"ctx":["While typechecking the top-level declaration `let should_fail3`","While typechecking the top-level declaration `[@@expect_failure] let should_fail3`"]}
{"msg":["Missing definitions in module NegativeTests.Set:\n  should_fail1\n  should_fail2\n  should_fail3"],"level":"Warning","range":{"def":{"file_name":"NegativeTests.Set.fst","start_pos":{"line":37,"col":1},"end_pos":{"line":38,"col":53}},"use":{"file_name":"NegativeTests.Set.fst","start_pos":{"line":37,"col":1},"end_pos":{"line":38,"col":53}}},"number":240,"ctx":[]}
