{"msg":["Expected failure:","Assertion failed","The SMT solver could not prove the query. Use --query_stats for more details."],"level":"Info","range":{"def":{"file_name":"Prims.fst","start_pos":{"line":467,"col":77},"end_pos":{"line":467,"col":89}},"use":{"file_name":"NegativeTests.False.fst","start_pos":{"line":23,"col":13},"end_pos":{"line":23,"col":33}}},"number":19,"ctx":["While typechecking the top-level declaration `let bar`","While typechecking the top-level declaration `[@@expect_failure] let bar`"]}
{"msg":["Expected failure:","Expected type Prims.l_True \\/ Prims.l_True\nbut Prims.Right Prims.T\nhas type Prims.sum Prims.l_True (*?u6*)_"],"level":"Info","range":{"def":{"file_name":"NegativeTests.False.fst","start_pos":{"line":30,"col":42},"end_pos":{"line":30,"col":66}},"use":{"file_name":"NegativeTests.False.fst","start_pos":{"line":30,"col":42},"end_pos":{"line":30,"col":66}}},"number":12,"ctx":["While typechecking the top-level declaration `let absurd`","While typechecking the top-level declaration `[@@expect_failure] let absurd`"]}
{"msg":["Expected failure:","Expected type Prims.l_True \\/ Prims.l_True\nbut Prims.Left Prims.T\nhas type Prims.sum (*?u1*)_ Prims.l_True"],"level":"Info","range":{"def":{"file_name":"NegativeTests.False.fst","start_pos":{"line":30,"col":18},"end_pos":{"line":30,"col":41}},"use":{"file_name":"NegativeTests.False.fst","start_pos":{"line":30,"col":18},"end_pos":{"line":30,"col":41}}},"number":12,"ctx":["While typechecking the top-level declaration `let absurd`","While typechecking the top-level declaration `[@@expect_failure] let absurd`"]}
{"msg":["NegativeTests.False.absurd\nis declared but no definition was found","Add an 'assume' if this is intentional"],"level":"Warning","range":{"def":{"file_name":"NegativeTests.False.fst","start_pos":{"line":28,"col":4},"end_pos":{"line":28,"col":10}},"use":{"file_name":"NegativeTests.False.fst","start_pos":{"line":28,"col":4},"end_pos":{"line":28,"col":10}}},"number":240,"ctx":[]}
{"msg":["NegativeTests.False.bar\nis declared but no definition was found","Add an 'assume' if this is intentional"],"level":"Warning","range":{"def":{"file_name":"NegativeTests.False.fst","start_pos":{"line":21,"col":4},"end_pos":{"line":21,"col":7}},"use":{"file_name":"NegativeTests.False.fst","start_pos":{"line":21,"col":4},"end_pos":{"line":21,"col":7}}},"number":240,"ctx":[]}
{"msg":["Missing definitions in module NegativeTests.False:\n  absurd\n  bar"],"level":"Warning","range":{"def":{"file_name":"NegativeTests.False.fst","start_pos":{"line":30,"col":0},"end_pos":{"line":30,"col":66}},"use":{"file_name":"NegativeTests.False.fst","start_pos":{"line":30,"col":0},"end_pos":{"line":30,"col":66}}},"number":240,"ctx":[]}
