{"msg":["Implicitly opening namespace 'fstar.' shadows module 'calc' in file \"Calc.fst\".","Rename\n\"Calc.fst\"\nto avoid conflicts."],"level":"Warning","range":{"def":{"file_name":"dummy","start_pos":{"line":0,"col":0},"end_pos":{"line":0,"col":0}},"use":{"file_name":"dummy","start_pos":{"line":0,"col":0},"end_pos":{"line":0,"col":0}}},"number":274,"ctx":[]}
{"tag":"NegativeTests.Positivity.t1","counter":{"id":"FStarC.TypeChecker.Tc.process_one_decl","total_time":0,"running":true,"undercount":false}}
{"tag":"NegativeTests.Positivity.uu___is_C11","counter":{"id":"FStarC.TypeChecker.Tc.process_one_decl","total_time":419834,"running":false,"undercount":false}}
{"msg":["Expected failure:","Inductive type NegativeTests.Positivity.t1 does not satisfy the strict positivity condition"],"level":"Info","range":{"def":{"file_name":"NegativeTests.Positivity.fst","start_pos":{"line":22,"col":10},"end_pos":{"line":22,"col":12}},"use":{"file_name":"NegativeTests.Positivity.fst","start_pos":{"line":22,"col":10},"end_pos":{"line":22,"col":12}}},"number":3,"ctx":["While typechecking the top-level declaration `type NegativeTests.Positivity.t1`","While typechecking the top-level declaration `[@@expect_failure] type NegativeTests.Positivity.t1`"]}
{"tag":"NegativeTests.Positivity.fst(22,5-23,26)","counter":{"id":"FStarC.TypeChecker.Tc.process_one_decl","total_time":0,"running":false,"undercount":true}}
{"tag":"NegativeTests.Positivity.t3","counter":{"id":"FStarC.TypeChecker.Tc.process_one_decl","total_time":1705058,"running":false,"undercount":false}}
{"tag":"NegativeTests.Positivity.uu___is_C31","counter":{"id":"FStarC.TypeChecker.Tc.process_one_decl","total_time":554539,"running":false,"undercount":false}}
{"tag":"NegativeTests.Positivity.uu___is_C31","counter":{"id":"FStarC.TypeChecker.Tc.process_one_decl","total_time":370022,"running":false,"undercount":false}}
{"tag":"NegativeTests.Positivity.__proj__C31__item___0","counter":{"id":"FStarC.TypeChecker.Tc.process_one_decl","total_time":636752,"running":false,"undercount":false}}
{"tag":"NegativeTests.Positivity.__proj__C31__item___0","counter":{"id":"FStarC.TypeChecker.Tc.process_one_decl","total_time":2330290,"running":false,"undercount":false}}
{"tag":"NegativeTests.Positivity.t4","counter":{"id":"FStarC.TypeChecker.Tc.process_one_decl","total_time":2376221,"running":false,"undercount":false}}
{"tag":"NegativeTests.Positivity.uu___is_C41","counter":{"id":"FStarC.TypeChecker.Tc.process_one_decl","total_time":599091,"running":false,"undercount":false}}
{"tag":"NegativeTests.Positivity.uu___is_C41","counter":{"id":"FStarC.TypeChecker.Tc.process_one_decl","total_time":2526117,"running":false,"undercount":false}}
{"tag":"NegativeTests.Positivity.__proj__C41__item___0","counter":{"id":"FStarC.TypeChecker.Tc.process_one_decl","total_time":1080467,"running":false,"undercount":false}}
Creating new z3proc (cmd=[("z3-4.13.3", ["-smt2", "-in"])], version=["4.13.3"])
(dummy(0,0-0,0))	Query-stats (NegativeTests.Positivity.__proj__C41__item___0, 1)	succeeded in 34 milliseconds with fuel 2 and ifuel 1 and rlimit 5 (used rlimit 0.004)
{"tag":"NegativeTests.Positivity.__proj__C41__item___0","counter":{"id":"FStarC.TypeChecker.Tc.process_one_decl","total_time":40867393,"running":false,"undercount":false}}
{"tag":"NegativeTests.Positivity.uu___is_C42","counter":{"id":"FStarC.TypeChecker.Tc.process_one_decl","total_time":905711,"running":false,"undercount":false}}
{"tag":"NegativeTests.Positivity.uu___is_C42","counter":{"id":"FStarC.TypeChecker.Tc.process_one_decl","total_time":2560058,"running":false,"undercount":false}}
{"tag":"NegativeTests.Positivity.__proj__C42__item___0","counter":{"id":"FStarC.TypeChecker.Tc.process_one_decl","total_time":1099008,"running":false,"undercount":false}}
(dummy(0,0-0,0))	Query-stats (NegativeTests.Positivity.__proj__C42__item___0, 1)	succeeded in 2 milliseconds with fuel 2 and ifuel 1 and rlimit 5 (used rlimit 0.003)
{"tag":"NegativeTests.Positivity.__proj__C42__item___0","counter":{"id":"FStarC.TypeChecker.Tc.process_one_decl","total_time":7365723,"running":false,"undercount":false}}
{"tag":"NegativeTests.Positivity.__proj__C42__item___1","counter":{"id":"FStarC.TypeChecker.Tc.process_one_decl","total_time":1229122,"running":false,"undercount":false}}
(dummy(0,0-0,0))	Query-stats (NegativeTests.Positivity.__proj__C42__item___1, 1)	succeeded in 1 milliseconds with fuel 2 and ifuel 1 and rlimit 5 (used rlimit 0.003)
{"tag":"NegativeTests.Positivity.__proj__C42__item___1","counter":{"id":"FStarC.TypeChecker.Tc.process_one_decl","total_time":6528004,"running":false,"undercount":false}}
{"tag":"NegativeTests.Positivity.t5","counter":{"id":"FStarC.TypeChecker.Tc.process_one_decl","total_time":0,"running":true,"undercount":false}}
{"tag":"NegativeTests.Positivity.uu___is_C51","counter":{"id":"FStarC.TypeChecker.Tc.process_one_decl","total_time":580860,"running":false,"undercount":false}}
{"msg":["Expected failure:","Inductive type NegativeTests.Positivity.t5 does not satisfy the strict positivity condition"],"level":"Info","range":{"def":{"file_name":"NegativeTests.Positivity.fst","start_pos":{"line":37,"col":10},"end_pos":{"line":37,"col":12}},"use":{"file_name":"NegativeTests.Positivity.fst","start_pos":{"line":37,"col":10},"end_pos":{"line":37,"col":12}}},"number":3,"ctx":["While typechecking the top-level declaration `type NegativeTests.Positivity.t5`","While typechecking the top-level declaration `[@@expect_failure] type NegativeTests.Positivity.t5`"]}
{"tag":"NegativeTests.Positivity.fst(37,5-38,26)","counter":{"id":"FStarC.TypeChecker.Tc.process_one_decl","total_time":0,"running":false,"undercount":true}}
{"tag":"NegativeTests.Positivity.t6","counter":{"id":"FStarC.TypeChecker.Tc.process_one_decl","total_time":2709513,"running":false,"undercount":false}}
{"tag":"NegativeTests.Positivity.uu___is_C61","counter":{"id":"FStarC.TypeChecker.Tc.process_one_decl","total_time":697833,"running":false,"undercount":false}}
{"tag":"NegativeTests.Positivity.uu___is_C61","counter":{"id":"FStarC.TypeChecker.Tc.process_one_decl","total_time":2772955,"running":false,"undercount":false}}
{"tag":"NegativeTests.Positivity.__proj__C61__item___0","counter":{"id":"FStarC.TypeChecker.Tc.process_one_decl","total_time":1457920,"running":false,"undercount":false}}
(dummy(0,0-0,0))	Query-stats (NegativeTests.Positivity.__proj__C61__item___0, 1)	succeeded in 3 milliseconds with fuel 2 and ifuel 1 and rlimit 5 (used rlimit 0.004)
{"tag":"NegativeTests.Positivity.__proj__C61__item___0","counter":{"id":"FStarC.TypeChecker.Tc.process_one_decl","total_time":10182579,"running":false,"undercount":false}}
{"tag":"NegativeTests.Positivity.__proj__C61__item___1","counter":{"id":"FStarC.TypeChecker.Tc.process_one_decl","total_time":1480951,"running":false,"undercount":false}}
(dummy(0,0-0,0))	Query-stats (NegativeTests.Positivity.__proj__C61__item___1, 1)	succeeded in 1 milliseconds with fuel 2 and ifuel 1 and rlimit 5 (used rlimit 0.004)
{"tag":"NegativeTests.Positivity.__proj__C61__item___1","counter":{"id":"FStarC.TypeChecker.Tc.process_one_decl","total_time":7103034,"running":false,"undercount":false}}
{"tag":"NegativeTests.Positivity.uu___is_C62","counter":{"id":"FStarC.TypeChecker.Tc.process_one_decl","total_time":727365,"running":false,"undercount":false}}
{"tag":"NegativeTests.Positivity.uu___is_C62","counter":{"id":"FStarC.TypeChecker.Tc.process_one_decl","total_time":2130963,"running":false,"undercount":false}}
{"msg":["Expected failure:","Type NegativeTests.Positivity.t7 is not strictly positive since it instantiates a non-uniformly recursive parameter or index NegativeTests.Positivity.t7 of NegativeTests.Positivity.t6"],"level":"Info","range":{"def":{"file_name":"NegativeTests.Positivity.fst","start_pos":{"line":49,"col":12},"end_pos":{"line":49,"col":14}},"use":{"file_name":"NegativeTests.Positivity.fst","start_pos":{"line":49,"col":4},"end_pos":{"line":49,"col":7}}},"number":3,"ctx":["While typechecking the top-level declaration `type NegativeTests.Positivity.t7`","While typechecking the top-level declaration `[@@expect_failure] type NegativeTests.Positivity.t7`"]}
{"tag":"NegativeTests.Positivity.fst(48,5-49,24)","counter":{"id":"FStarC.TypeChecker.Tc.process_one_decl","total_time":2494526,"running":false,"undercount":false}}
{"msg":["Expected failure:","Type NegativeTests.Positivity.t8 is not strictly positive since it instantiates a non-uniformly recursive parameter or index NegativeTests.Positivity.t8 of NegativeTests.Positivity.t6"],"level":"Info","range":{"def":{"file_name":"NegativeTests.Positivity.fst","start_pos":{"line":54,"col":16},"end_pos":{"line":54,"col":18}},"use":{"file_name":"NegativeTests.Positivity.fst","start_pos":{"line":54,"col":4},"end_pos":{"line":54,"col":7}}},"number":3,"ctx":["While typechecking the top-level declaration `type NegativeTests.Positivity.t8`","While typechecking the top-level declaration `[@@expect_failure] type NegativeTests.Positivity.t8`"]}
{"tag":"NegativeTests.Positivity.fst(53,5-54,24)","counter":{"id":"FStarC.TypeChecker.Tc.process_one_decl","total_time":2427843,"running":false,"undercount":false}}
{"tag":"NegativeTests.Positivity.t9","counter":{"id":"FStarC.TypeChecker.Tc.process_one_decl","total_time":322661,"running":false,"undercount":false}}
{"tag":"NegativeTests.Positivity.t10","counter":{"id":"FStarC.TypeChecker.Tc.process_one_decl","total_time":0,"running":true,"undercount":false}}
{"tag":"NegativeTests.Positivity.uu___is_C101","counter":{"id":"FStarC.TypeChecker.Tc.process_one_decl","total_time":393644,"running":false,"undercount":false}}
{"msg":["Expected failure:","Inductive type NegativeTests.Positivity.t10 does not satisfy the strict positivity condition"],"level":"Info","range":{"def":{"file_name":"NegativeTests.Positivity.fst","start_pos":{"line":61,"col":10},"end_pos":{"line":61,"col":13}},"use":{"file_name":"NegativeTests.Positivity.fst","start_pos":{"line":61,"col":10},"end_pos":{"line":61,"col":13}}},"number":3,"ctx":["While typechecking the top-level declaration `type NegativeTests.Positivity.t10`","While typechecking the top-level declaration `[@@expect_failure] type NegativeTests.Positivity.t10`"]}
{"tag":"NegativeTests.Positivity.fst(61,5-62,23)","counter":{"id":"FStarC.TypeChecker.Tc.process_one_decl","total_time":0,"running":false,"undercount":true}}
{"tag":"NegativeTests.Positivity.t11","counter":{"id":"FStarC.TypeChecker.Tc.process_one_decl","total_time":0,"running":true,"undercount":false}}
{"tag":"NegativeTests.Positivity.uu___is_C111","counter":{"id":"FStarC.TypeChecker.Tc.process_one_decl","total_time":556039,"running":false,"undercount":false}}
{"msg":["Expected failure:","Inductive type NegativeTests.Positivity.t11 does not satisfy the strict positivity condition"],"level":"Info","range":{"def":{"file_name":"NegativeTests.Positivity.fst","start_pos":{"line":66,"col":10},"end_pos":{"line":66,"col":13}},"use":{"file_name":"NegativeTests.Positivity.fst","start_pos":{"line":66,"col":10},"end_pos":{"line":66,"col":13}}},"number":3,"ctx":["While typechecking the top-level declaration `type NegativeTests.Positivity.t11`","While typechecking the top-level declaration `[@@expect_failure] type NegativeTests.Positivity.t11`"]}
{"tag":"NegativeTests.Positivity.fst(66,5-67,30)","counter":{"id":"FStarC.TypeChecker.Tc.process_one_decl","total_time":0,"running":false,"undercount":true}}
Killing old z3proc (ask_count=4, old_cmd=[("z3-4.13.3", ["-smt2", "-in"])])
TOTAL TIME 331 ms: /home/nswamy/clean/FStar/stage3/out/bin/fstar.exe --silent --odir _output --cache_dir _cache --already_cached Prims,FStar --warn_error -321 --warn_error -271 --ext auto_patterns=false --timing --query_stats --warn_error -271 --message_format json --silent -f --print_expected_failures NegativeTests.Positivity.fst
