* Info at NegativeTests.Termination.fst(21,28-21,29):
  - Expected failure:
  - Could not prove termination of this recursive call
  - The SMT solver could not prove the query.
  - Failed to prove:
      (or
       (Valid
        (Prims.precedes
         U_zero
         U_zero
         Prims.int
         Prims.int
         x_ae567c2fb75be05905677af440075565_0
         x_ae567c2fb75be05905677af440075565_0))
       (Valid
        (Prims.precedes
         U_zero
         U_zero
         Prims.int
         Prims.int
         x_ae567c2fb75be05905677af440075565_1
         x_ae567c2fb75be05905677af440075565_1)))
  - See also NegativeTests.Termination.fst(18,12-21,29)

* Info at NegativeTests.Termination.fst(28,26-28,35):
  - Expected failure:
  - Could not prove termination of this recursive call
  - The SMT solver could not prove the query.
  - Failed to prove:
      (or
       (Valid
        (Prims.precedes
         U_zero
         U_zero
         Prims.int
         Prims.int
         x_ae567c2fb75be05905677af440075565_0
         x_ae567c2fb75be05905677af440075565_0))
       (Valid
        (Prims.precedes
         U_zero
         U_zero
         Prims.int
         Prims.int
         (Prims.op_Subtraction x_ae567c2fb75be05905677af440075565_1 (BoxInt 1))
         x_ae567c2fb75be05905677af440075565_1)))
  - In context: (not (= x_ae567c2fb75be05905677af440075565_1 (BoxInt 0)))
  - See also NegativeTests.Termination.fst(25,23-28,35)

* Info at NegativeTests.Termination.fst(36,29-36,54):
  - Expected failure:
  - Could not prove termination of this recursive call
  - The SMT solver could not prove the query.
  - Failed to prove:
      (or
       (Valid
        (Prims.precedes
         U_zero
         U_zero
         Prims.int
         Prims.int
         (Prims.op_Subtraction x_ae567c2fb75be05905677af440075565_0 (BoxInt 1))
         x_ae567c2fb75be05905677af440075565_0))
       (and
        (Valid
         (Prims.op_Equals_Equals_Equals
          U_zero
          Prims.int
          Prims.int
          (Prims.op_Subtraction x_ae567c2fb75be05905677af440075565_0 (BoxInt 1))
          x_ae567c2fb75be05905677af440075565_0))
        (Valid
         (Prims.precedes
          U_zero
          U_zero
          Prims.int
          Prims.int
          (NegativeTests.Termination.ackermann_bad
           x_ae567c2fb75be05905677af440075565_0
           (Prims.op_Subtraction x_ae567c2fb75be05905677af440075565_1 (BoxInt 1)))
          x_ae567c2fb75be05905677af440075565_1))))
  - In context:
      (not
       (=
        (Prims.op_Equality
         Prims.int
         x_ae567c2fb75be05905677af440075565_0
         (BoxInt 0))
        (BoxBool true)))
      (implies
       (and
        (=
         (Prims.op_Equality
          Prims.int
          x_ae567c2fb75be05905677af440075565_1
          (BoxInt 0))
         (BoxBool true))
        (=
         (Prims.op_Equality
          Prims.int
          x_ae567c2fb75be05905677af440075565_1
          (BoxInt 0))
         (BoxBool true)))
       (or
        (Valid
         (Prims.precedes
          U_zero
          U_zero
          Prims.int
          Prims.int
          (Prims.op_Subtraction x_ae567c2fb75be05905677af440075565_0 (BoxInt 1))
          x_ae567c2fb75be05905677af440075565_0))
        (and
         (Valid
          (Prims.op_Equals_Equals_Equals
           U_zero
           Prims.int
           Prims.int
           (Prims.op_Subtraction x_ae567c2fb75be05905677af440075565_0 (BoxInt 1))
           x_ae567c2fb75be05905677af440075565_0))
         (Valid
          (Prims.precedes
           U_zero
           U_zero
           Prims.int
           Prims.int
           (BoxInt 1)
           x_ae567c2fb75be05905677af440075565_1)))))
      (not
       (=
        (Prims.op_Equality
         Prims.int
         x_ae567c2fb75be05905677af440075565_1
         (BoxInt 0))
        (BoxBool true)))
      (or
       (Valid
        (Prims.precedes
         U_zero
         U_zero
         Prims.int
         Prims.int
         x_ae567c2fb75be05905677af440075565_0
         x_ae567c2fb75be05905677af440075565_0))
       (Valid
        (Prims.precedes
         U_zero
         U_zero
         Prims.int
         Prims.int
         (Prims.op_Subtraction x_ae567c2fb75be05905677af440075565_1 (BoxInt 1))
         x_ae567c2fb75be05905677af440075565_1)))
      @sk_2 : Term
      (and
       (HasType @sk_2 Prims.int)
       (or
        (Valid
         (Prims.precedes
          U_zero
          U_zero
          Prims.int
          Prims.int
          x_ae567c2fb75be05905677af440075565_0
          x_ae567c2fb75be05905677af440075565_0))
        (Valid
         (Prims.precedes
          U_zero
          U_zero
          Prims.int
          Prims.int
          (Prims.op_Subtraction x_ae567c2fb75be05905677af440075565_1 (BoxInt 1))
          x_ae567c2fb75be05905677af440075565_1)))
       (=
        (NegativeTests.Termination.ackermann_bad
         x_ae567c2fb75be05905677af440075565_0
         (Prims.op_Subtraction x_ae567c2fb75be05905677af440075565_1 (BoxInt 1)))
        @sk_2))
  - See also NegativeTests.Termination.fst(31,19-36,54)

* Info at NegativeTests.Termination.fst(36,46-36,53):
  - Expected failure:
  - Could not prove termination of this recursive call
  - The SMT solver could not prove the query.
  - Failed to prove:
      (or
       (Valid
        (Prims.precedes
         U_zero
         U_zero
         Prims.int
         Prims.int
         x_ae567c2fb75be05905677af440075565_0
         x_ae567c2fb75be05905677af440075565_0))
       (Valid
        (Prims.precedes
         U_zero
         U_zero
         Prims.int
         Prims.int
         (Prims.op_Subtraction x_ae567c2fb75be05905677af440075565_1 (BoxInt 1))
         x_ae567c2fb75be05905677af440075565_1)))
  - In context:
      (not
       (=
        (Prims.op_Equality
         Prims.int
         x_ae567c2fb75be05905677af440075565_0
         (BoxInt 0))
        (BoxBool true)))
      (implies
       (and
        (=
         (Prims.op_Equality
          Prims.int
          x_ae567c2fb75be05905677af440075565_1
          (BoxInt 0))
         (BoxBool true))
        (=
         (Prims.op_Equality
          Prims.int
          x_ae567c2fb75be05905677af440075565_1
          (BoxInt 0))
         (BoxBool true)))
       (or
        (Valid
         (Prims.precedes
          U_zero
          U_zero
          Prims.int
          Prims.int
          (Prims.op_Subtraction x_ae567c2fb75be05905677af440075565_0 (BoxInt 1))
          x_ae567c2fb75be05905677af440075565_0))
        (and
         (Valid
          (Prims.op_Equals_Equals_Equals
           U_zero
           Prims.int
           Prims.int
           (Prims.op_Subtraction x_ae567c2fb75be05905677af440075565_0 (BoxInt 1))
           x_ae567c2fb75be05905677af440075565_0))
         (Valid
          (Prims.precedes
           U_zero
           U_zero
           Prims.int
           Prims.int
           (BoxInt 1)
           x_ae567c2fb75be05905677af440075565_1)))))
      (not
       (=
        (Prims.op_Equality
         Prims.int
         x_ae567c2fb75be05905677af440075565_1
         (BoxInt 0))
        (BoxBool true)))
  - See also NegativeTests.Termination.fst(31,19-36,54)

* Info at NegativeTests.Termination.fst(35,43-35,44):
  - Expected failure:
  - Could not prove termination of this recursive call
  - The SMT solver could not prove the query.
  - Failed to prove:
      (or
       (Valid
        (Prims.precedes
         U_zero
         U_zero
         Prims.int
         Prims.int
         (Prims.op_Subtraction x_ae567c2fb75be05905677af440075565_0 (BoxInt 1))
         x_ae567c2fb75be05905677af440075565_0))
       (and
        (Valid
         (Prims.op_Equals_Equals_Equals
          U_zero
          Prims.int
          Prims.int
          (Prims.op_Subtraction x_ae567c2fb75be05905677af440075565_0 (BoxInt 1))
          x_ae567c2fb75be05905677af440075565_0))
        (Valid
         (Prims.precedes
          U_zero
          U_zero
          Prims.int
          Prims.int
          (BoxInt 1)
          x_ae567c2fb75be05905677af440075565_1))))
  - In context:
      (not
       (=
        (Prims.op_Equality
         Prims.int
         x_ae567c2fb75be05905677af440075565_0
         (BoxInt 0))
        (BoxBool true)))
      (and
       (=
        (Prims.op_Equality
         Prims.int
         x_ae567c2fb75be05905677af440075565_1
         (BoxInt 0))
        (BoxBool true))
       (=
        (Prims.op_Equality
         Prims.int
         x_ae567c2fb75be05905677af440075565_1
         (BoxInt 0))
        (BoxBool true)))
  - See also NegativeTests.Termination.fst(31,19-36,54)

* Info at NegativeTests.Termination.fst(42,28-42,29):
  - Expected failure:
  - Could not prove termination of this recursive call
  - The SMT solver could not prove the query.
  - Failed to prove:
      (Valid
       (Prims.precedes
        uu___136
        uu___136
        (Prims.list uu___136 x_10ac8b46b5c3a9dcb7196f938db19076_1)
        (Prims.list uu___136 x_10ac8b46b5c3a9dcb7196f938db19076_1)
        x_2da3ce0e08b2dd44c055efbb88bc247e_2
        x_2da3ce0e08b2dd44c055efbb88bc247e_2))
  - In context:
      (implies
       (and
        (not
         (BoxBool_proj_0
          (Prims.uu___is_Nil
           uu___136
           x_10ac8b46b5c3a9dcb7196f938db19076_1
           x_2da3ce0e08b2dd44c055efbb88bc247e_2)))
        (not
         (BoxBool_proj_0
          (Prims.uu___is_Cons
           uu___136
           x_10ac8b46b5c3a9dcb7196f938db19076_1
           x_2da3ce0e08b2dd44c055efbb88bc247e_2))))
       false)
      (not
       (BoxBool_proj_0
        (Prims.uu___is_Nil
         uu___136
         x_10ac8b46b5c3a9dcb7196f938db19076_1
         x_2da3ce0e08b2dd44c055efbb88bc247e_2)))
      @sk_2 : Term
      @sk_3 : Term
      (and
       (HasType @sk_2 x_10ac8b46b5c3a9dcb7196f938db19076_1)
       (HasType @sk_3 (Prims.list uu___136 x_10ac8b46b5c3a9dcb7196f938db19076_1))
       (=
        x_2da3ce0e08b2dd44c055efbb88bc247e_2
        (Prims.Cons uu___136 x_10ac8b46b5c3a9dcb7196f938db19076_1 @sk_2 @sk_3)))
  - See also NegativeTests.Termination.fst(40,23-42,29)

* Info at NegativeTests.Termination.fst(55,15-55,29):
  - Expected failure:
  - Could not prove termination of this recursive call
  - The SMT solver could not prove the query.
  - Failed to prove:
      (Valid
       (Prims.precedes
        U_zero
        U_zero
        Prims.nat
        Prims.nat
        @sk_2
        x_bb4e1c9af0265270f8e7a5f250f730e2_0))
  - In context:
      (not
       (=
        (Prims.op_Equality
         Prims.int
         x_bb4e1c9af0265270f8e7a5f250f730e2_0
         (BoxInt 0))
        (BoxBool true)))
      @sk_1 : Term
      (and
       (HasType @sk_1 Prims.nat)
       (>= (BoxInt_proj_0 @sk_1) (BoxInt_proj_0 (BoxInt 0)))
       (= x_bb4e1c9af0265270f8e7a5f250f730e2_0 @sk_1))
      @sk_2 : Term
      (and
       (HasType @sk_2 Prims.nat)
       (<=
        (BoxInt_proj_0 @sk_2)
        (BoxInt_proj_0 x_bb4e1c9af0265270f8e7a5f250f730e2_0)))
  - See also NegativeTests.Termination.fst(53,2-55,29)

* Info at NegativeTests.Termination.fst(67,19-67,29):
  - Expected failure:
  - Could not prove termination of this recursive call
  - The SMT solver could not prove the query.
  - Failed to prove:
      (Valid
       (Prims.precedes
        U_zero
        U_zero
        NegativeTests.Termination.snat
        NegativeTests.Termination.snat
        (NegativeTests.Termination.S (NegativeTests.Termination.S @sk_2))
        x_7f60d59d9214e8364ec143bcec86dd12_0))
  - In context:
      (implies
       (and
        (not
         (BoxBool_proj_0
          (NegativeTests.Termination.uu___is_O
           x_7f60d59d9214e8364ec143bcec86dd12_0)))
        (not
         (and
          (BoxBool_proj_0
           (NegativeTests.Termination.uu___is_S
            x_7f60d59d9214e8364ec143bcec86dd12_0))
          (BoxBool_proj_0
           (NegativeTests.Termination.uu___is_O
            (NegativeTests.Termination.__proj__S__item___0
             x_7f60d59d9214e8364ec143bcec86dd12_0)))))
        (not
         (and
          (BoxBool_proj_0
           (NegativeTests.Termination.uu___is_S
            x_7f60d59d9214e8364ec143bcec86dd12_0))
          (BoxBool_proj_0
           (NegativeTests.Termination.uu___is_S
            (NegativeTests.Termination.__proj__S__item___0
             x_7f60d59d9214e8364ec143bcec86dd12_0))))))
       false)
      (and
       (not
        (BoxBool_proj_0
         (NegativeTests.Termination.uu___is_O
          x_7f60d59d9214e8364ec143bcec86dd12_0)))
       (not
        (and
         (BoxBool_proj_0
          (NegativeTests.Termination.uu___is_S
           x_7f60d59d9214e8364ec143bcec86dd12_0))
         (BoxBool_proj_0
          (NegativeTests.Termination.uu___is_O
           (NegativeTests.Termination.__proj__S__item___0
            x_7f60d59d9214e8364ec143bcec86dd12_0))))))
      @sk_2 : Term
      (and
       (HasType @sk_2 NegativeTests.Termination.snat)
       (=
        x_7f60d59d9214e8364ec143bcec86dd12_0
        (NegativeTests.Termination.S (NegativeTests.Termination.S @sk_2))))
  - See also NegativeTests.Termination.fst(64,2-67,29)

* Info at NegativeTests.Termination.fst(75,34-75,35):
  - Expected failure:
  - Could not prove termination of this recursive call
  - The SMT solver could not prove the query.
  - Failed to prove:
      (or
       (Valid
        (Prims.precedes
         U_zero
         U_zero
         NegativeTests.Termination.snat
         NegativeTests.Termination.snat
         (NegativeTests.Termination.S (NegativeTests.Termination.S @sk_2))
         x_7f60d59d9214e8364ec143bcec86dd12_0))
       (and
        (Valid
         (Prims.op_Equals_Equals_Equals
          U_zero
          NegativeTests.Termination.snat
          NegativeTests.Termination.snat
          (NegativeTests.Termination.S (NegativeTests.Termination.S @sk_2))
          x_7f60d59d9214e8364ec143bcec86dd12_0))
        (Valid
         (Prims.precedes
          U_zero
          U_zero
          NegativeTests.Termination.snat
          NegativeTests.Termination.snat
          x_7f60d59d9214e8364ec143bcec86dd12_1
          x_7f60d59d9214e8364ec143bcec86dd12_1))))
  - In context:
      (implies
       (and
        (not
         (BoxBool_proj_0
          (NegativeTests.Termination.uu___is_O
           x_7f60d59d9214e8364ec143bcec86dd12_0)))
        (not
         (and
          (BoxBool_proj_0
           (NegativeTests.Termination.uu___is_S
            x_7f60d59d9214e8364ec143bcec86dd12_0))
          (BoxBool_proj_0
           (NegativeTests.Termination.uu___is_O
            (NegativeTests.Termination.__proj__S__item___0
             x_7f60d59d9214e8364ec143bcec86dd12_0)))))
        (not
         (and
          (BoxBool_proj_0
           (NegativeTests.Termination.uu___is_S
            x_7f60d59d9214e8364ec143bcec86dd12_0))
          (BoxBool_proj_0
           (NegativeTests.Termination.uu___is_S
            (NegativeTests.Termination.__proj__S__item___0
             x_7f60d59d9214e8364ec143bcec86dd12_0))))))
       false)
      (and
       (not
        (BoxBool_proj_0
         (NegativeTests.Termination.uu___is_O
          x_7f60d59d9214e8364ec143bcec86dd12_0)))
       (not
        (and
         (BoxBool_proj_0
          (NegativeTests.Termination.uu___is_S
           x_7f60d59d9214e8364ec143bcec86dd12_0))
         (BoxBool_proj_0
          (NegativeTests.Termination.uu___is_O
           (NegativeTests.Termination.__proj__S__item___0
            x_7f60d59d9214e8364ec143bcec86dd12_0))))))
      @sk_2 : Term
      (and
       (HasType @sk_2 NegativeTests.Termination.snat)
       (=
        x_7f60d59d9214e8364ec143bcec86dd12_0
        (NegativeTests.Termination.S (NegativeTests.Termination.S @sk_2))))
  - See also NegativeTests.Termination.fst(71,13-75,35)

* Info at NegativeTests.Termination.fst(80,2-82,14):
  - Expected failure:
  - Patterns are incomplete
  - The SMT solver could not prove the query.
  - Failed to prove: false
  - In context:
      @sk_1 : Term
      @sk_2 : Term
      (and
       (HasType @sk_1 NegativeTests.Termination.snat)
       (HasType @sk_2 NegativeTests.Termination.snat))
      (and
       (not (BoxBool_proj_0 (NegativeTests.Termination.uu___is_O @sk_1)))
       (not
        (and
         (BoxBool_proj_0 (NegativeTests.Termination.uu___is_S @sk_1))
         (BoxBool_proj_0
          (NegativeTests.Termination.uu___is_O
           (NegativeTests.Termination.__proj__S__item___0 @sk_1))))))

* Info at NegativeTests.Termination.fst(89,29-89,31):
  - Expected failure:
  - Could not prove termination of this recursive call
  - The SMT solver could not prove the query.
  - Failed to prove:
      (or
       (Valid
        (Prims.precedes
         U_zero
         U_zero
         NegativeTests.Termination.snat
         NegativeTests.Termination.snat
         (NegativeTests.Termination.S @sk_2)
         x_7f60d59d9214e8364ec143bcec86dd12_0))
       (and
        (Valid
         (Prims.op_Equals_Equals_Equals
          U_zero
          NegativeTests.Termination.snat
          NegativeTests.Termination.snat
          (NegativeTests.Termination.S @sk_2)
          x_7f60d59d9214e8364ec143bcec86dd12_0))
        (Valid
         (Prims.precedes
          U_zero
          U_zero
          NegativeTests.Termination.snat
          NegativeTests.Termination.snat
          @sk_3
          x_7f60d59d9214e8364ec143bcec86dd12_1))))
  - In context:
      (implies
       (and
        (not
         (BoxBool_proj_0
          (NegativeTests.Termination.uu___is_O
           (FStar.Pervasives.Native.__proj__Mktuple2__item___1
            U_zero
            U_zero
            NegativeTests.Termination.snat
            NegativeTests.Termination.snat
            (FStar.Pervasives.Native.Mktuple2
             U_zero
             U_zero
             NegativeTests.Termination.snat
             NegativeTests.Termination.snat
             x_7f60d59d9214e8364ec143bcec86dd12_0
             x_7f60d59d9214e8364ec143bcec86dd12_1)))))
        (not
         (BoxBool_proj_0
          (NegativeTests.Termination.uu___is_S
           (FStar.Pervasives.Native.__proj__Mktuple2__item___1
            U_zero
            U_zero
            NegativeTests.Termination.snat
            NegativeTests.Termination.snat
            (FStar.Pervasives.Native.Mktuple2
             U_zero
             U_zero
             NegativeTests.Termination.snat
             NegativeTests.Termination.snat
             x_7f60d59d9214e8364ec143bcec86dd12_0
             x_7f60d59d9214e8364ec143bcec86dd12_1))))))
       false)
      (not
       (BoxBool_proj_0
        (NegativeTests.Termination.uu___is_O
         (FStar.Pervasives.Native.__proj__Mktuple2__item___1
          U_zero
          U_zero
          NegativeTests.Termination.snat
          NegativeTests.Termination.snat
          (FStar.Pervasives.Native.Mktuple2
           U_zero
           U_zero
           NegativeTests.Termination.snat
           NegativeTests.Termination.snat
           x_7f60d59d9214e8364ec143bcec86dd12_0
           x_7f60d59d9214e8364ec143bcec86dd12_1)))))
      @sk_2 : Term
      @sk_3 : Term
      (and
       (HasType @sk_2 NegativeTests.Termination.snat)
       (HasType @sk_3 NegativeTests.Termination.snat)
       (=
        (FStar.Pervasives.Native.Mktuple2
         U_zero
         U_zero
         NegativeTests.Termination.snat
         NegativeTests.Termination.snat
         x_7f60d59d9214e8364ec143bcec86dd12_0
         x_7f60d59d9214e8364ec143bcec86dd12_1)
        (FStar.Pervasives.Native.Mktuple2
         U_zero
         U_zero
         NegativeTests.Termination.snat
         NegativeTests.Termination.snat
         (NegativeTests.Termination.S @sk_2)
         @sk_3)))
  - See also NegativeTests.Termination.fst(86,15-89,31)

* Info at NegativeTests.Termination.fst(96,20-96,26):
  - Expected failure:
  - Could not prove termination of this recursive call
  - The SMT solver could not prove the query.
  - Failed to prove:
      (Valid
       (Prims.precedes
        U_zero
        U_zero
        NegativeTests.Termination.snat
        NegativeTests.Termination.snat
        (NegativeTests.Termination.S @sk_2)
        x_7f60d59d9214e8364ec143bcec86dd12_0))
  - In context:
      (implies
       (and
        (not
         (and
          (BoxBool_proj_0
           (NegativeTests.Termination.uu___is_O
            (FStar.Pervasives.Native.__proj__Mktuple2__item___1
             U_zero
             U_zero
             NegativeTests.Termination.snat
             Prims.int
             (FStar.Pervasives.Native.Mktuple2
              U_zero
              U_zero
              NegativeTests.Termination.snat
              Prims.int
              x_7f60d59d9214e8364ec143bcec86dd12_0
              (BoxInt 42)))))
          (BoxBool_proj_0
           (Prims.op_Equality
            Prims.int
            (FStar.Pervasives.Native.__proj__Mktuple2__item___2
             U_zero
             U_zero
             NegativeTests.Termination.snat
             Prims.int
             (FStar.Pervasives.Native.Mktuple2
              U_zero
              U_zero
              NegativeTests.Termination.snat
              Prims.int
              x_7f60d59d9214e8364ec143bcec86dd12_0
              (BoxInt 42)))
            (BoxInt 42)))))
        (not
         (and
          (BoxBool_proj_0
           (NegativeTests.Termination.uu___is_S
            (FStar.Pervasives.Native.__proj__Mktuple2__item___1
             U_zero
             U_zero
             NegativeTests.Termination.snat
             Prims.int
             (FStar.Pervasives.Native.Mktuple2
              U_zero
              U_zero
              NegativeTests.Termination.snat
              Prims.int
              x_7f60d59d9214e8364ec143bcec86dd12_0
              (BoxInt 42)))))
          (BoxBool_proj_0
           (Prims.op_Equality
            Prims.int
            (FStar.Pervasives.Native.__proj__Mktuple2__item___2
             U_zero
             U_zero
             NegativeTests.Termination.snat
             Prims.int
             (FStar.Pervasives.Native.Mktuple2
              U_zero
              U_zero
              NegativeTests.Termination.snat
              Prims.int
              x_7f60d59d9214e8364ec143bcec86dd12_0
              (BoxInt 42)))
            (BoxInt 42))))))
       false)
      (not
       (and
        (BoxBool_proj_0
         (NegativeTests.Termination.uu___is_O
          (FStar.Pervasives.Native.__proj__Mktuple2__item___1
           U_zero
           U_zero
           NegativeTests.Termination.snat
           Prims.int
           (FStar.Pervasives.Native.Mktuple2
            U_zero
            U_zero
            NegativeTests.Termination.snat
            Prims.int
            x_7f60d59d9214e8364ec143bcec86dd12_0
            (BoxInt 42)))))
        (BoxBool_proj_0
         (Prims.op_Equality
          Prims.int
          (FStar.Pervasives.Native.__proj__Mktuple2__item___2
           U_zero
           U_zero
           NegativeTests.Termination.snat
           Prims.int
           (FStar.Pervasives.Native.Mktuple2
            U_zero
            U_zero
            NegativeTests.Termination.snat
            Prims.int
            x_7f60d59d9214e8364ec143bcec86dd12_0
            (BoxInt 42)))
          (BoxInt 42)))))
      @sk_2 : Term
      (and
       (HasType @sk_2 NegativeTests.Termination.snat)
       (=
        (FStar.Pervasives.Native.Mktuple2
         U_zero
         U_zero
         NegativeTests.Termination.snat
         Prims.int
         x_7f60d59d9214e8364ec143bcec86dd12_0
         (BoxInt 42))
        (FStar.Pervasives.Native.Mktuple2
         U_zero
         U_zero
         NegativeTests.Termination.snat
         Prims.int
         (NegativeTests.Termination.S @sk_2)
         (BoxInt 42))))
  - See also NegativeTests.Termination.fst(94,2-96,26)

* Warning 240 at NegativeTests.Termination.fst(91,4-91,7):
  - NegativeTests.Termination.xxx is declared but no definition was found
  - Add an 'assume' if this is intentional

* Warning 240 at NegativeTests.Termination.fst(84,4-84,9):
  - NegativeTests.Termination.minus is declared but no definition was found
  - Add an 'assume' if this is intentional

* Warning 240 at NegativeTests.Termination.fst(77,4-77,9):
  - NegativeTests.Termination.plus' is declared but no definition was found
  - Add an 'assume' if this is intentional

* Warning 240 at NegativeTests.Termination.fst(69,4-69,8):
  - NegativeTests.Termination.plus is declared but no definition was found
  - Add an 'assume' if this is intentional

* Warning 240 at NegativeTests.Termination.fst(61,4-61,6):
  - NegativeTests.Termination.t1 is declared but no definition was found
  - Add an 'assume' if this is intentional

* Warning 240 at NegativeTests.Termination.fst(50,4-50,18):
  - NegativeTests.Termination.strangeZeroBad
    is declared but no definition was found
  - Add an 'assume' if this is intentional

* Warning 240 at NegativeTests.Termination.fst(38,4-38,14):
  - NegativeTests.Termination.length_bad is declared but no definition was found
  - Add an 'assume' if this is intentional

* Warning 240 at NegativeTests.Termination.fst(31,4-31,17):
  - NegativeTests.Termination.ackermann_bad
    is declared but no definition was found
  - Add an 'assume' if this is intentional

* Warning 240 at NegativeTests.Termination.fst(23,4-23,18):
  - NegativeTests.Termination.repeat_diverge
    is declared but no definition was found
  - Add an 'assume' if this is intentional

* Warning 240 at NegativeTests.Termination.fst(18,4-18,9):
  - NegativeTests.Termination.bug15 is declared but no definition was found
  - Add an 'assume' if this is intentional

* Warning 240 at NegativeTests.Termination.fst(93,0-96,26):
  - Missing definitions in module NegativeTests.Termination:
      ackermann_bad
      bug15
      length_bad
      minus
      plus
      plus'
      repeat_diverge
      strangeZeroBad
      t1
      xxx

