>> Got issues: [
* Error 19 at NegativeTests.ZZImplicitFalse.fst(20,27-20,28):
  - Subtyping check failed
  - Expected type Prims.l_False got type Prims.unit
  - The SMT solver could not prove the query. Use --query_stats for more
    details.
  - See also prims.fst(138,29-138,34)

>>]
* Warning 240 at NegativeTests.ZZImplicitFalse.fst(18,4-18,8):
  - NegativeTests.ZZImplicitFalse.test is declared but no definition was found
  - Add an 'assume' if this is intentional

Verified module: NegativeTests.ZZImplicitFalse
All verification conditions discharged successfully
