* Warning 240 at NegativeTests.Neg.fst(44,4-44,17):
  - NegativeTests.Neg.bad_projector is declared but no definition was found
  - Add an 'assume' if this is intentional

* Warning 240 at NegativeTests.Neg.fst(40,4-40,28):
  - NegativeTests.Neg.test_postcondition_label
    is declared but no definition was found
  - Add an 'assume' if this is intentional

* Warning 240 at NegativeTests.Neg.fst(36,4-36,27):
  - NegativeTests.Neg.test_precondition_label
    is declared but no definition was found
  - Add an 'assume' if this is intentional

* Warning 240 at NegativeTests.Neg.fst(22,4-22,5):
  - NegativeTests.Neg.y is declared but no definition was found
  - Add an 'assume' if this is intentional

* Warning 240 at NegativeTests.Neg.fst(18,4-18,5):
  - NegativeTests.Neg.x is declared but no definition was found
  - Add an 'assume' if this is intentional

* Info at NegativeTests.Neg.fst(20,8-20,10):
  - Expected failure:
  - Subtyping check failed
  - Expected type Prims.nat got type Prims.int
  - The SMT solver could not prove the query. Use --query_stats for more
    details.
  - See also Prims.fst(682,18-682,24)

* Info at NegativeTests.Neg.fst(24,8-24,10):
  - Expected failure:
  - Subtyping check failed
  - Expected type Prims.nat got type Prims.int
  - The SMT solver could not prove the query. Use --query_stats for more
    details.
  - See also Prims.fst(682,18-682,24)

* Info at NegativeTests.Neg.fst(27,30-27,35):
  - Expected failure:
  - Assertion failed
  - The SMT solver could not prove the query. Use --query_stats for more
    details.

* Info at NegativeTests.Neg.fst(30,28-31,15):
  - Expected failure:
  - Patterns are incomplete
  - The SMT solver could not prove the query. Use --query_stats for more
    details.

* Info at NegativeTests.Neg.fst(38,32-38,42):
  - Expected failure:
  - Assertion failed
  - The SMT solver could not prove the query. Use --query_stats for more
    details.
  - See also NegativeTests.Neg.fst(33,44-33,57)

* Info at NegativeTests.Neg.fst(42,33-42,34):
  - Expected failure:
  - Could not prove post-condition
  - The SMT solver could not prove the query. Use --query_stats for more
    details.
  - See also NegativeTests.Neg.fst(40,83-40,88)

* Info at NegativeTests.Neg.fst(46,30-46,31):
  - Expected failure:
  - Subtyping check failed
  - Expected type _: FStar.Pervasives.Native.option 'a {Some? _}
    got type FStar.Pervasives.Native.option 'a
  - The SMT solver could not prove the query. Use --query_stats for more
    details.
  - See also FStar.Pervasives.Native.fst(33,4-33,8)

* Info at NegativeTests.Neg.fst(50,45-50,47):
  - Expected failure:
  - Subtyping check failed
  - Expected type _: FStar.Pervasives.result Prims.int {V? _}
    got type FStar.Pervasives.result Prims.int
  - The SMT solver could not prove the query. Use --query_stats for more
    details.
  - See also FStar.Pervasives.fsti(374,4-374,5)

* Info at NegativeTests.Neg.fst(55,25-55,26):
  - Expected failure:
  - Subtyping check failed
  - Expected type Prims.nat got type Prims.int
  - The SMT solver could not prove the query. Use --query_stats for more
    details.
  - See also Prims.fst(682,18-682,24)

* Info at NegativeTests.Neg.fst(59,5-59,6):
  - Expected failure:
  - Type annotation _: Type0{NegativeTests.Neg.phi_1510} for inductive
    NegativeTests.Neg.t is not Type or eqtype, or it is eqtype but contains
    noeq/unopteq qualifiers

* Info at NegativeTests.Neg.fst(63,5-63,7):
  - Expected failure:
  - Type annotation _: Type{Prims.l_False} for inductive NegativeTests.Neg.t2 is
    not Type or eqtype, or it is eqtype but contains noeq/unopteq qualifiers

* Warning 240 at NegativeTests.Neg.fst(63,0-63,32):
  - Missing definitions in module NegativeTests.Neg:
      bad_projector
      test_postcondition_label
      test_precondition_label
      x
      y

