* Info at NegativeTests.BST.fst:37.39-37.43:
  - Expected failure:
  - Subtyping check failed
  - Expected type
      right:
      FStar.Pervasives.Native.option (tree 2)
        { 0 <= 1 /\ 1 <= 2 /\ None? right == (1 = 2) /\
          None? FStar.Pervasives.Native.None == (1 = 0) }
    got type FStar.Pervasives.Native.option (tree 2)
  - The SMT solver could not prove the query. Use --query_stats for more
    details.
  - See also NegativeTests.BST.fst:27.37-27.59

* Info at NegativeTests.BST.fst:40.62-40.66:
  - Expected failure:
  - Subtyping check failed
  - Expected type
      right:
      FStar.Pervasives.Native.option (tree (l + 1))
        { l <= l /\ l <= l + 1 /\ None? right == (l = l + 1) /\
          None? (FStar.Pervasives.Native.Some t) == (l = l) }
    got type FStar.Pervasives.Native.option (tree (l + 1))
  - The SMT solver could not prove the query. Use --query_stats for more
    details.
  - See also NegativeTests.BST.fst:27.37-27.59

* Info at NegativeTests.BST.fst:43.79-43.88:
  - Expected failure:
  - Subtyping check failed
  - Expected type
      right:
      FStar.Pervasives.Native.option (tree (l + 1))
        { l <= l + 1 /\ l + 1 <= l + 1 /\ None? right == (l + 1 = l + 1) /\
          None? (FStar.Pervasives.Native.Some t1) == (l + 1 = l) }
    got type FStar.Pervasives.Native.option (tree (l + 1))
  - The SMT solver could not prove the query. Use --query_stats for more
    details.
  - See also NegativeTests.BST.fst:27.37-27.59

