{"msg":["Expected failure:","_: (*?u5*)_ -> (*?u4*)_ is not a subtype of the expected type (*?u5*)_"],"level":"Info","range":{"def":{"file_name":"OccursCheckOnArrows.fst","start_pos":{"line":18,"col":10},"end_pos":{"line":18,"col":11}},"use":{"file_name":"OccursCheckOnArrows.fst","start_pos":{"line":18,"col":16},"end_pos":{"line":18,"col":17}}},"number":54,"ctx":["While solving deferred constraints","solve_non_tactic_deferred_constraints","While typechecking the top-level declaration `let oops`","While typechecking the top-level declaration `[@@expect_failure] let oops`"]}
