{"msg":["Expected failure:","Subtyping check failed","Expected type Prims.squash Prims.l_False\ngot type Prims.unit","The SMT solver could not prove the query. Use --query_stats for more details."],"level":"Info","range":{"def":{"file_name":"PatAnnot.fst","start_pos":{"line":25,"col":20},"end_pos":{"line":25,"col":25}},"use":{"file_name":"PatAnnot.fst","start_pos":{"line":25,"col":9},"end_pos":{"line":25,"col":10}}},"number":19,"ctx":["While checking for top-level effects","While typechecking the top-level declaration `let whoops`","While typechecking the top-level declaration `[@@expect_failure] let whoops`"]}
{"msg":["Expected failure:","Assertion failed","The SMT solver could not prove the query. Use --query_stats for more details.","Also see: Prims.fst:467.78-467.90",""],"level":"Info","range":{"def":{"file_name":"PatAnnot.fst","start_pos":{"line":28,"col":1},"end_pos":{"line":30,"col":15}},"use":{"file_name":"PatAnnot.fst","start_pos":{"line":28,"col":1},"end_pos":{"line":30,"col":15}}},"number":19,"ctx":["While checking for top-level effects","While typechecking the top-level declaration `let whoops2`","While typechecking the top-level declaration `[@@expect_failure] let whoops2`"]}
{"msg":["Expected failure:","Assertion failed","The SMT solver could not prove the query. Use --query_stats for more details.","Also see: Prims.fst:467.78-467.90",""],"level":"Info","range":{"def":{"file_name":"PatAnnot.fst","start_pos":{"line":33,"col":1},"end_pos":{"line":35,"col":15}},"use":{"file_name":"PatAnnot.fst","start_pos":{"line":33,"col":1},"end_pos":{"line":35,"col":15}}},"number":19,"ctx":["While checking for top-level effects","While typechecking the top-level declaration `let sub_bv`","While typechecking the top-level declaration `[@@expect_failure] let sub_bv`"]}
{"msg":["Expected failure:","Subtyping check failed","Expected type Prims.squash Prims.l_False\ngot type Prims.unit","The SMT solver could not prove the query. Use --query_stats for more details."],"level":"Info","range":{"def":{"file_name":"PatAnnot.fst","start_pos":{"line":40,"col":27},"end_pos":{"line":40,"col":32}},"use":{"file_name":"PatAnnot.fst","start_pos":{"line":39,"col":11},"end_pos":{"line":39,"col":13}}},"number":19,"ctx":["While checking for top-level effects","While typechecking the top-level declaration `let s`","While typechecking the top-level declaration `[@@expect_failure] let s`"]}
{"msg":["Expected failure:","Subtyping check failed","Expected type Prims.nat\ngot type Prims.int","The SMT solver could not prove the query. Use --query_stats for more details."],"level":"Info","range":{"def":{"file_name":"Prims.fst","start_pos":{"line":682,"col":19},"end_pos":{"line":682,"col":25}},"use":{"file_name":"PatAnnot.fst","start_pos":{"line":46,"col":11},"end_pos":{"line":46,"col":12}}},"number":19,"ctx":["While typechecking the top-level declaration `let test1`","While typechecking the top-level declaration `[@@expect_failure] let test1`"]}
{"msg":["Expected failure:","Type annotation on parameter incompatible with the expected type","The SMT solver could not prove the query. Use --query_stats for more details."],"level":"Info","range":{"def":{"file_name":"Prims.fst","start_pos":{"line":682,"col":19},"end_pos":{"line":682,"col":25}},"use":{"file_name":"PatAnnot.fst","start_pos":{"line":55,"col":37},"end_pos":{"line":55,"col":40}}},"number":19,"ctx":["While checking for top-level effects","While typechecking the top-level declaration `let test3`","While typechecking the top-level declaration `[@@expect_failure] let test3`"]}
