* Info at PatAnnot.fst(25,8-25,9):
  - Expected failure:
  - Subtyping check failed
  - Expected type Prims.squash Prims.l_False got type Prims.unit
  - The SMT solver could not prove the query.
  - Failed to prove: Prims.l_False
  - In context:
      uu___: Prims.unit
      x: Prims.unit
      PatAnnot.f () == (_, x)
  - See also PatAnnot.fst(25,19-25,24)

* Info at PatAnnot.fst(29,10-29,11):
  - Expected failure:
  - Subtyping check failed
  - Expected type x: Prims.unit{Prims.l_False} got type Prims.unit
  - The SMT solver could not prove the query.
  - Failed to prove: Prims.l_False
  - In context:
      uu___: Prims.unit
      x: Prims.unit
      PatAnnot.f () == (_, x)
  - See also PatAnnot.fst(29,17-29,22)

* Info at PatAnnot.fst(34,10-34,11):
  - Expected failure:
  - Subtyping check failed
  - Expected type l: Prims.list Prims.int {Prims.l_False}
    got type Prims.list Prims.int
  - The SMT solver could not prove the query.
  - Failed to prove: Prims.l_False
  - In context:
      uu___: Prims.list Prims.int
      l: Prims.list Prims.int
      FStar.List.Tot.Base.splitAt 0 [1; 2; 3] == (_, l)
  - See also PatAnnot.fst(34,21-34,26)

* Info at PatAnnot.fst(39,10-39,12):
  - Expected failure:
  - Subtyping check failed
  - Expected type Prims.squash Prims.l_False got type Prims.unit
  - The SMT solver could not prove the query.
  - Failed to prove: Prims.l_False
  - See also PatAnnot.fst(40,26-40,31)

* Info at PatAnnot.fst(46,10-46,11):
  - Expected failure:
  - Subtyping check failed
  - Expected type Prims.nat got type Prims.int
  - The SMT solver could not prove the query.
  - Failed to prove: i >= 0
  - In context: i: Prims.int
  - See also Prims.fst(478,18-478,24)

* Info at PatAnnot.fst(55,36-55,39):
  - Expected failure:
  - Type annotation on parameter incompatible with the expected type
  - The SMT solver could not prove the query.
  - Failed to prove: _ >= 0
  - In context: uu___: Prims.int
  - See also Prims.fst(478,18-478,24)

