{"msg":["PatCoerce.bla\nis declared but no definition was found","Add an 'assume' if this is intentional"],"level":"Warning","range":{"def":{"file_name":"PatCoerce.fst","start_pos":{"line":20,"col":5},"end_pos":{"line":20,"col":8}},"use":{"file_name":"PatCoerce.fst","start_pos":{"line":20,"col":5},"end_pos":{"line":20,"col":8}}},"number":240,"ctx":["While desugaring module PatCoerce"]}
{"msg":["Expected failure:","Type of pattern (Prims.bool) does not match type of scrutinee (Type0)"],"level":"Info","range":{"def":{"file_name":"PatCoerce.fst","start_pos":{"line":25,"col":5},"end_pos":{"line":25,"col":9}},"use":{"file_name":"PatCoerce.fst","start_pos":{"line":25,"col":5},"end_pos":{"line":25,"col":9}}},"number":114,"ctx":["While typechecking the top-level declaration `let bla`","While typechecking the top-level declaration `[@@expect_failure] let bla`"]}
{"msg":["Missing definitions in module PatCoerce: bla"],"level":"Warning","range":{"def":{"file_name":"PatCoerce.fst","start_pos":{"line":23,"col":1},"end_pos":{"line":26,"col":15}},"use":{"file_name":"PatCoerce.fst","start_pos":{"line":23,"col":1},"end_pos":{"line":26,"col":15}}},"number":240,"ctx":[]}
