{"msg":["Expected failure:","Assertion failed","The SMT solver could not prove the query.","Failed to prove: PostconditionLocalization.p _","In context:\n  b: Prims.bool\n  uu___: Prims.int\n  (b = true ==> b == true /\\ PostconditionLocalization.p 1) /\\\n  _ ==\n  (match b with\n    | true -> 1\n    | _ -> 2)"],"level":"Info","range":{"def":{"file_name":"PostconditionLocalization.fst","start_pos":{"line":17,"col":68},"end_pos":{"line":17,"col":71}},"use":{"file_name":"PostconditionLocalization.fst","start_pos":{"line":18,"col":2},"end_pos":{"line":18,"col":29}}},"number":19,"ctx":["While typechecking the top-level declaration ‘let annotated’","While typechecking the top-level declaration ‘[@@expect_failure] let annotated’"]}
{"msg":["Expected failure:","Subtyping check failed","Expected type _: Prims.int{p _}\ngot type Prims.int","The SMT solver could not prove the query.","Failed to prove: PostconditionLocalization.p 2","In context:\n  b: Prims.bool\n  ~(b = true)\n  uu___: Prims.bool\n  b == _"],"level":"Info","range":{"def":{"file_name":"PostconditionLocalization.fst","start_pos":{"line":17,"col":68},"end_pos":{"line":17,"col":71}},"use":{"file_name":"PostconditionLocalization.fst","start_pos":{"line":18,"col":28},"end_pos":{"line":18,"col":29}}},"number":19,"ctx":["While typechecking the top-level declaration ‘let annotated’","While typechecking the top-level declaration ‘[@@expect_failure] let annotated’"]}
{"msg":["Expected failure:","Subtyping check failed","Expected type _: Prims.int{p _}\ngot type Prims.int","The SMT solver could not prove the query.","Failed to prove:\n  PostconditionLocalization.p (match b with\n      | true -> 1\n      | _ -> 2)","In context:\n  b: Prims.bool\n  uu___: Prims.int\n  b = true ==> b == true /\\ PostconditionLocalization.p 1\n  (match b with\n    | true -> 1\n    | _ -> 2) ==\n  _"],"level":"Info","range":{"def":{"file_name":"PostconditionLocalization.fst","start_pos":{"line":20,"col":68},"end_pos":{"line":20,"col":71}},"use":{"file_name":"PostconditionLocalization.fst","start_pos":{"line":23,"col":2},"end_pos":{"line":23,"col":29}}},"number":19,"ctx":["While typechecking the top-level declaration ‘let declared’","While typechecking the top-level declaration ‘[@@expect_failure] let declared’"]}
{"msg":["Expected failure:","Subtyping check failed","Expected type _: Prims.int{p _}\ngot type Prims.int","The SMT solver could not prove the query.","Failed to prove: PostconditionLocalization.p 2","In context:\n  b: Prims.bool\n  ~(b = true)\n  uu___: Prims.bool\n  b == _"],"level":"Info","range":{"def":{"file_name":"PostconditionLocalization.fst","start_pos":{"line":20,"col":68},"end_pos":{"line":20,"col":71}},"use":{"file_name":"PostconditionLocalization.fst","start_pos":{"line":23,"col":28},"end_pos":{"line":23,"col":29}}},"number":19,"ctx":["While typechecking the top-level declaration ‘let declared’","While typechecking the top-level declaration ‘[@@expect_failure] let declared’"]}
{"msg":["Expected failure:","Subtyping check failed","Expected type _: Prims.int{p _}\ngot type Prims.int","The SMT solver could not prove the query.","Failed to prove:\n  PostconditionLocalization.p (match x > 0 with\n      | true -> x\n      | _ -> 0)","In context:\n  uu___: Prims.unit\n  x: Prims.int\n  uu___: Prims.int\n  x > 0 = true ==> x > 0 == true /\\ PostconditionLocalization.p x\n  (match x > 0 with\n    | true -> x\n    | _ -> 0) ==\n  _"],"level":"Info","range":{"def":{"file_name":"PostconditionLocalization.fst","start_pos":{"line":25,"col":77},"end_pos":{"line":25,"col":80}},"use":{"file_name":"PostconditionLocalization.fst","start_pos":{"line":29,"col":21},"end_pos":{"line":29,"col":52}}},"number":19,"ctx":["While typechecking the top-level declaration ‘let lambda’","While typechecking the top-level declaration ‘[@@expect_failure] let lambda’"]}
{"msg":["Expected failure:","Subtyping check failed","Expected type _: Prims.int{p _}\ngot type Prims.int","The SMT solver could not prove the query.","Failed to prove: PostconditionLocalization.p 0","In context:\n  uu___: Prims.unit\n  x: Prims.int\n  ~(x > 0 = true)\n  uu___: Prims.bool\n  x > 0 == _"],"level":"Info","range":{"def":{"file_name":"PostconditionLocalization.fst","start_pos":{"line":25,"col":77},"end_pos":{"line":25,"col":80}},"use":{"file_name":"PostconditionLocalization.fst","start_pos":{"line":29,"col":51},"end_pos":{"line":29,"col":52}}},"number":19,"ctx":["While typechecking the top-level declaration ‘let lambda’","While typechecking the top-level declaration ‘[@@expect_failure] let lambda’"]}
{"msg":["PostconditionLocalization.declared\nis declared but no definition was found","Add an 'assume' if this is intentional"],"level":"Warning","range":{"def":{"file_name":"PostconditionLocalization.fst","start_pos":{"line":20,"col":4},"end_pos":{"line":20,"col":12}},"use":{"file_name":"PostconditionLocalization.fst","start_pos":{"line":20,"col":4},"end_pos":{"line":20,"col":12}}},"number":240,"ctx":[]}
{"msg":["Missing definitions in module PostconditionLocalization: declared"],"level":"Warning","range":{"def":{"file_name":"PostconditionLocalization.fst","start_pos":{"line":28,"col":0},"end_pos":{"line":29,"col":53}},"use":{"file_name":"PostconditionLocalization.fst","start_pos":{"line":28,"col":0},"end_pos":{"line":29,"col":53}}},"number":240,"ctx":[]}
