>> Got issues: [
QuickTestNBE.fst(133,2-136,34): (Error 19)  (Also see: QuickTestNBE(1,2-3,4))(Other related locations: QuickTestNBE.fst(116,12-116,15)); The SMT solver could not prove the query. Use --query_stats for more details.
>>]
Verified module: QuickTestNBE
All verification conditions discharged successfully
