{"msg":["Implicitly opening namespace 'fstar.' shadows module 'calc' in file \"Calc.fst\".","Rename\n\"Calc.fst\"\nto avoid conflicts."],"level":"Warning","range":{"def":{"file_name":"dummy","start_pos":{"line":0,"col":0},"end_pos":{"line":0,"col":0}},"use":{"file_name":"dummy","start_pos":{"line":0,"col":0},"end_pos":{"line":0,"col":0}}},"number":274,"ctx":[]}
{"tag":"RecordFields.r","counter":{"id":"FStarC.TypeChecker.Tc.process_one_decl","total_time":6049478,"running":false,"undercount":false}}
{"tag":"RecordFields.r__uu___haseq","counter":{"id":"FStarC.TypeChecker.Tc.process_one_decl","total_time":476146,"running":false,"undercount":false}}
{"tag":"RecordFields.__proj__Mkr__item__a","counter":{"id":"FStarC.TypeChecker.Tc.process_one_decl","total_time":410694,"running":false,"undercount":false}}
{"tag":"RecordFields.__proj__Mkr__item__a","counter":{"id":"FStarC.TypeChecker.Tc.process_one_decl","total_time":1812153,"running":false,"undercount":false}}
{"tag":"RecordFields.__proj__Mkr__item__b","counter":{"id":"FStarC.TypeChecker.Tc.process_one_decl","total_time":400984,"running":false,"undercount":false}}
{"tag":"RecordFields.__proj__Mkr__item__b","counter":{"id":"FStarC.TypeChecker.Tc.process_one_decl","total_time":1644336,"running":false,"undercount":false}}
{"tag":"RecordFields.__proj__Mkr__item__c","counter":{"id":"FStarC.TypeChecker.Tc.process_one_decl","total_time":410514,"running":false,"undercount":false}}
{"tag":"RecordFields.__proj__Mkr__item__c","counter":{"id":"FStarC.TypeChecker.Tc.process_one_decl","total_time":1421419,"running":false,"undercount":false}}
{"tag":"RecordFields.t1","counter":{"id":"FStarC.TypeChecker.Tc.process_one_decl","total_time":331012,"running":false,"undercount":false}}
{"msg":["Expected failure:","No field 'd' in record type 'RecordFields.r'.",""],"level":"Info","range":{"def":{"file_name":"RecordFields.fst","start_pos":{"line":8,"col":29},"end_pos":{"line":8,"col":30}},"use":{"file_name":"RecordFields.fst","start_pos":{"line":8,"col":29},"end_pos":{"line":8,"col":30}}},"number":118,"ctx":["While typechecking the top-level declaration `let t2`","While typechecking the top-level declaration `[@@expect_failure] let t2`"]}
{"tag":"RecordFields.fst(8,0-8,33)","counter":{"id":"FStarC.TypeChecker.Tc.process_one_decl","total_time":368712,"running":false,"undercount":false}}
{"msg":["Expected failure:","Missing fields for record type 'RecordFields.r': 'c'"],"level":"Info","range":{"def":{"file_name":"RecordFields.fst","start_pos":{"line":11,"col":14},"end_pos":{"line":11,"col":22}},"use":{"file_name":"RecordFields.fst","start_pos":{"line":11,"col":14},"end_pos":{"line":11,"col":22}}},"number":118,"ctx":["While typechecking the top-level declaration `let t3`","While typechecking the top-level declaration `[@@expect_failure] let t3`"]}
{"tag":"RecordFields.fst(11,0-11,23)","counter":{"id":"FStarC.TypeChecker.Tc.process_one_decl","total_time":356042,"running":false,"undercount":false}}
{"msg":["Expected failure:","No field 'd' in record type 'RecordFields.r'.","Missing fields: 'c'"],"level":"Info","range":{"def":{"file_name":"RecordFields.fst","start_pos":{"line":14,"col":24},"end_pos":{"line":14,"col":25}},"use":{"file_name":"RecordFields.fst","start_pos":{"line":14,"col":24},"end_pos":{"line":14,"col":25}}},"number":118,"ctx":["While typechecking the top-level declaration `let t4`","While typechecking the top-level declaration `[@@expect_failure] let t4`"]}
{"tag":"RecordFields.fst(14,0-14,28)","counter":{"id":"FStarC.TypeChecker.Tc.process_one_decl","total_time":356172,"running":false,"undercount":false}}
TOTAL TIME 168 ms: /home/nswamy/clean/FStar/stage3/out/bin/fstar.exe --silent --odir _output --cache_dir _cache --already_cached Prims,FStar --warn_error -321 --warn_error -271 --ext auto_patterns=false --timing --query_stats --warn_error -271 --message_format json --silent -f --print_expected_failures RecordFields.fst
