proof-state: State dump @ depth 0 (at the time of failure):
Location: ResolveImplicitsErrorPos.fst(14,13-16,7)
Goal 1/1 (Instantiation of meta argument):
(_: Prims.unit) |- _ : Prims.int

>> Got issues: [
* Error 228 at ResolveImplicitsErrorPos.fst(15,10-15,11):
  - Tactic failed
  - oops

>>]
Verified module: ResolveImplicitsErrorPos
All verification conditions discharged successfully
