{"msg":["Expected failure:","Failed to resolve implicit argument ?25\nof type _: Prims.int -> Prims.prop\nintroduced for Instantiating implicit argument ‘p’","This implicit argument only occurs in a pre- or postcondition, so it cannot be\ninferred: a specification is a proof obligation, not part of the identity of a\ncomputation. Write it out explicitly, or pass an argument whose declared type\ndetermines it."],"level":"Info","range":{"def":{"file_name":"SpecImplicits.fst","start_pos":{"line":28,"col":2},"end_pos":{"line":28,"col":5}},"use":{"file_name":"SpecImplicits.fst","start_pos":{"line":28,"col":2},"end_pos":{"line":28,"col":5}}},"number":66,"ctx":["While checking for top-level effects","While typechecking the top-level declaration ‘let bad_unannotated’","While typechecking the top-level declaration ‘[@@expect_failure] let bad_unannotated’"]}
{"msg":["Expected failure:","Failed to resolve implicit argument ?22\nof type _: Prims.int -> Prims.prop\nintroduced for Instantiating implicit argument ‘p’","This implicit argument only occurs in a pre- or postcondition, so it cannot be\ninferred: a specification is a proof obligation, not part of the identity of a\ncomputation. Write it out explicitly, or pass an argument whose declared type\ndetermines it."],"level":"Info","range":{"def":{"file_name":"SpecImplicits.fst","start_pos":{"line":32,"col":44},"end_pos":{"line":32,"col":47}},"use":{"file_name":"SpecImplicits.fst","start_pos":{"line":32,"col":44},"end_pos":{"line":32,"col":47}}},"number":66,"ctx":["While checking for top-level effects","While typechecking the top-level declaration ‘let bad_lambda’","While typechecking the top-level declaration ‘[@@expect_failure] let bad_lambda’"]}
{"msg":["Expected failure:","Failed to resolve implicit argument ?20\nof type _: Prims.int -> Prims.prop\nintroduced for Instantiating implicit argument ‘p’","This implicit argument only occurs in a pre- or postcondition, so it cannot be\ninferred: a specification is a proof obligation, not part of the identity of a\ncomputation. Write it out explicitly, or pass an argument whose declared type\ndetermines it."],"level":"Info","range":{"def":{"file_name":"SpecImplicits.fst","start_pos":{"line":36,"col":46},"end_pos":{"line":36,"col":49}},"use":{"file_name":"SpecImplicits.fst","start_pos":{"line":36,"col":46},"end_pos":{"line":36,"col":49}}},"number":66,"ctx":["While checking for top-level effects","While typechecking the top-level declaration ‘let bad_trivial’","While typechecking the top-level declaration ‘[@@expect_failure] let bad_trivial’"]}
