{"msg":["Expected failure:","A query could not be solved internally, and --no_smt was given.","Query =\nPrims.l_False"],"level":"Info","range":{"def":{"file_name":"StableErr.fst","start_pos":{"line":26,"col":1},"end_pos":{"line":26,"col":21}},"use":{"file_name":"StableErr.fst","start_pos":{"line":26,"col":1},"end_pos":{"line":26,"col":21}}},"number":298,"ctx":["While checking for top-level effects","While typechecking the top-level declaration `let uu___0`","While typechecking the top-level declaration `[@@expect_failure] let uu___0`"]}
