* Info at TestErrorLocations.fst(20,21-20,23):
  - Expected failure:
  - Assertion failed
  - The SMT solver could not prove the query.

* Info at TestErrorLocations.fst(24,21-24,23):
  - Expected failure:
  - Assertion failed
  - The SMT solver could not prove the query.

* Info at TestErrorLocations.fst(31,10-31,19):
  - Expected failure:
  - Assertion failed
  - The SMT solver could not prove the query.
  - See also TestErrorLocations.fst(27,50-27,58)

* Info at TestErrorLocations.fst(37,10-37,11):
  - Expected failure:
  - Assertion failed
  - The SMT solver could not prove the query.
  - See also TestErrorLocations.fst(27,50-27,58)

* Info at TestErrorLocations.fst(43,20-43,21):
  - Expected failure:
  - Subtyping check failed
  - Expected type Prims.nat got type Prims.int
  - The SMT solver could not prove the query.
  - See also Prims.fst(478,18-478,24)

* Info at TestErrorLocations.fst(48,14-48,19):
  - Expected failure:
  - Assertion failed
  - The SMT solver could not prove the query.
  - See also TestErrorLocations.fst(46,84-46,90)

* Info at TestErrorLocations.fst(58,15-58,17):
  - Expected failure:
  - Assertion failed
  - The SMT solver could not prove the query.
  - See also TestErrorLocations.fst(56,27-56,29)

* Info at TestErrorLocations.fst(62,15-62,17):
  - Expected failure:
  - Assertion failed
  - The SMT solver could not prove the query.
  - See also TestErrorLocations.fst(60,25-60,30)

* Info at TestErrorLocations.fst(66,27-66,28):
  - Expected failure:
  - Subtyping check failed
  - Expected type Prims.nat got type Prims.int
  - The SMT solver could not prove the query.
  - See also Prims.fst(478,18-478,24)

* Info at TestErrorLocations.fst(70,25-70,34):
  - Expected failure:
  - Subtyping check failed
  - Expected type Type0 got type Type0
  - The SMT solver could not prove the query.
  - See also TestErrorLocations.fst(68,52-68,66)

* Info at TestErrorLocations.fst(81,9-81,11):
  - Expected failure:
  - Assertion failed
  - The SMT solver could not prove the query.

* Info at TestErrorLocations.fst(79,9-79,11):
  - Expected failure:
  - Assertion failed
  - The SMT solver could not prove the query.

* Info at TestErrorLocations.fst(86,20-86,36):
  - Expected failure:
  - Subtyping check failed
  - Expected type Prims.squash (exists (x: Prims.nat). x = 0)
    got type Prims.unit
  - The SMT solver could not prove the query.
  - See also FStar.Classical.Sugar.fsti(66,21-66,40)

* Info at TestErrorLocations.fst(93,28-93,33):
  - Expected failure:
  - Subtyping check failed
  - Expected type Prims.squash (forall (x: Prims.nat). x = 0)
    got type Prims.unit
  - The SMT solver could not prove the query.

* Info at TestErrorLocations.fst(98,17-98,18):
  - Expected failure:
  - Subtyping check failed
  - Expected type Prims.squash (p /\ q) got type Prims.unit
  - The SMT solver could not prove the query.
  - See also TestErrorLocations.fst(97,21-97,22)

* Info at TestErrorLocations.fst(98,12-98,13):
  - Expected failure:
  - Subtyping check failed
  - Expected type Prims.squash (p /\ q) got type Prims.unit
  - The SMT solver could not prove the query.
  - See also TestErrorLocations.fst(97,19-97,20)

* Info at TestErrorLocations.fst(104,17-104,18):
  - Expected failure:
  - Subtyping check failed
  - Expected type Prims.squash (p /\ q) got type Prims.unit
  - The SMT solver could not prove the query.
  - See also TestErrorLocations.fst(103,21-103,22)

* Info at TestErrorLocations.fst(110,12-110,18):
  - Expected failure:
  - Subtyping check failed
  - Expected type Prims.squash (p \/ q) got type Prims.unit
  - The SMT solver could not prove the query.
  - See also FStar.Classical.Sugar.fsti(88,21-88,31)

* Warning 240 at TestErrorLocations.fst(60,4-60,9):
  - TestErrorLocations.test7 is declared but no definition was found
  - Add an 'assume' if this is intentional

* Warning 240 at TestErrorLocations.fst(56,4-56,9):
  - TestErrorLocations.test6 is declared but no definition was found
  - Add an 'assume' if this is intentional

* Warning 240 at TestErrorLocations.fst(46,4-46,9):
  - TestErrorLocations.test5 is declared but no definition was found
  - Add an 'assume' if this is intentional

* Warning 240 at TestErrorLocations.fst(109,0-113,17):
  - Missing definitions in module TestErrorLocations:
      test5
      test6
      test7

