* Info at TestHasEq.fst(58,10-58,11):
  - Expected failure:
  - Failed to prove that the type
    ‘TestHasEq.t3’
    supports decidable equality because of this argument.
  - Add either the ‘noeq’ or ‘unopteq’ qualifier
  - The SMT solver could not prove the query.
  - Failed to prove: (Valid (Prims.hasEq U_zero @sk_1))
  - In context:
      @sk_1 : Term
      @sk_2 : Term
      (and (HasType @sk_1 (Tm_type U_zero)) (HasType @sk_2 @sk_1))
  - See also TestHasEq.fst(57,0-58,19)

* Info at TestHasEq.fst(84,10-84,70):
  - Expected failure:
  - Subtyping check failed
  - Expected type Prims.eqtype got type Type0
  - The SMT solver could not prove the query.
  - Failed to prove: (Valid (Prims.hasEq U_zero TestHasEq.erasable_t))
  - In context:
      @sk_1 : Term
      @sk_2 : Term
      (and
       (HasType @sk_1 Tm_refine_6d4423ad97eda18ffe686b845deb8abd)
       (HasType @sk_2 Tm_refine_b25cc4270b563a69cdd51b89eff8a6c4))
  - See also TestHasEq.fst(84,12-84,22)

* Info at TestHasEq.fst(88,8-89,30):
  - Expected failure:
  - Invalid qualifiers for declaration ‘type TestHasEq.erasable_t2’
  - The `unopteq` qualifier is not allowed on erasable inductives since they
    don't have decidable equality.

