{"msg":["Expected failure:","Assertion failed","The SMT solver could not prove the query.","Failed to prove:\n  (=\n   Tm_arrow_ca5b7f60fd43315f38a12bb8b10d93e6\n   Tm_arrow_f0ff90e9b7bb943fb00c38686bd40c20)","In context:\n  @sk_1 : Term\n  @sk_2 : Term\n  (and (HasType @sk_1 (Tm_type uu___51)) (HasType @sk_2 @sk_1))"],"level":"Info","range":{"def":{"file_name":"Unit2.fst","start_pos":{"line":37,"col":21},"end_pos":{"line":38,"col":60}},"use":{"file_name":"Unit2.fst","start_pos":{"line":37,"col":21},"end_pos":{"line":38,"col":60}}},"number":19,"ctx":["While typechecking the top-level declaration ‘let test6’","While typechecking the top-level declaration ‘[@@expect_failure] let test6’"]}
