>> Got issues: [
* Error 360 at UnresolvedFields.fst(10,4-10,5):
  - Field name c could not be resolved.

>>]
>> Got issues: [
* Error 118 at UnresolvedFields.fst(17,4-17,5):
  - Field c is redundant for type UnresolvedFields.t

>>]
>> Got issues: [
* Error 118 at UnresolvedFields.fst(26,4-26,5):
  - Field c is redundant for type UnresolvedFields.t

>>]
Verified module: UnresolvedFields
All verification conditions discharged successfully
