>> Got issues: [
* Error 19 at WPExtensionality.fst(61,3-61,34):
  - Assertion failed
  - The SMT solver could not prove the query. Use --query_stats for more
    details.
  - See also prims.fst(435,90-435,102)

>>]
Verified module: WPExtensionality
All verification conditions discharged successfully
