>> Got issues: [
WPExtensionality.fst(118,3-118,34): (Error 19) assertion failed; The SMT solver could not prove the query, try to spell your proof in more detail or increase fuel/ifuel (see also prims.fst(436,71-436,83))
>>]
Verified module: WPExtensionality
All verification conditions discharged successfully
