* Info at WPExtensionality.fst(61,3-61,34):
  - Expected failure:
  - Assertion failed
  - The SMT solver could not prove the query.
  - Env = (uu___ : Prims.unit)
  - VC =
      forall (p: Prims.pure_post Prims.unit) (any_result: Prims.unit).
        p any_result
  - See also Prims.fst(419,90-419,102)

