* Info at NestedBlock.fst(14,2-14,4):
  - Expected failure:
  - Could not prove equality of:
  - Pulse.Lib.Reference.pts_to r 1
  - Pulse.Lib.Reference.pts_to r 0
  - Assertion failed
  - The SMT solver could not prove the query.
  - Env = (r : Pulse.Lib.Reference.ref Prims.int)
  - VC = Pulse.Lib.Reference.pts_to r 1 == Pulse.Lib.Reference.pts_to r 0

