* Info at PrePostMismatch.fst(11,2-11,6):
  - Expected failure:
  - Could not prove equality of:
  - Pulse.Lib.Reference.pts_to r 1
  - Pulse.Lib.Reference.pts_to r 42
  - Assertion failed
  - The SMT solver could not prove the query. Use --query_stats for more
    details.
  - See also PrePostMismatch.fst(11,2-11,8)

