* Info at RewriteFail.fst(11,10-11,38):
  - Expected failure:
  - rewrite: could not prove equality of
  - ‘pts_to r 0’
  - ‘pts_to r 1’
  - Assertion failed
  - The SMT solver could not prove the query.
  - Failed to prove:
      Pulse.Class.PtsTo.pts_to r 0 == Pulse.Class.PtsTo.pts_to r 1
  - In context: r: Pulse.Lib.Reference.ref Prims.int

