* Info at TerminalActionPostConditionMismatch.fst(12,2-12,6):
  - Expected failure:
  - Could not prove equality of:
  - Pulse.Lib.Reference.pts_to r 2
  - Pulse.Lib.Reference.pts_to r 1
  - Assertion failed
  - The SMT solver could not prove the query.
  - Env =
      (r : Pulse.Lib.Reference.ref Prims.int) (__ : Prims.unit)
      (__ : Prims.unit)
  - VC = Pulse.Lib.Reference.pts_to r 2 == Pulse.Lib.Reference.pts_to r 1
  - See also TerminalActionPostConditionMismatch.fst(12,2-12,8)

* Info at TerminalActionPostConditionMismatch.fst(23,2-23,4):
  - Expected failure:
  - Could not prove equality of:
  - Pulse.Lib.Reference.pts_to r 2
  - Pulse.Lib.Reference.pts_to r 1
  - Assertion failed
  - The SMT solver could not prove the query.
  - Env =
      (r : Pulse.Lib.Reference.ref Prims.int) (__ : Prims.unit)
      (__ : Prims.unit)
  - VC = Pulse.Lib.Reference.pts_to r 2 == Pulse.Lib.Reference.pts_to r 1

