{"kind": "protocol-info", "rest": "[...]"}
{"kind": "response", "query-id": "1", "response": [], "status": "success"}
{"kind": "response", "query-id": "2", "response": [], "status": "success"}
{"kind": "response", "query-id": "3", "response": {"defined-at": {"beg": [6, 4], "end": [6, 5], "fname": "OvlIdeInt.fst"}, "definition": null, "documentation": null, "kind": "symbol", "name": "OvlIdeInt.f", "type": "x: int -> int"}, "status": "success"}
{"kind": "response", "query-id": "4", "response": {"defined-at": {"beg": [6, 4], "end": [6, 5], "fname": "OvlIdeInt.fst"}, "definition": null, "documentation": null, "kind": "symbol", "name": "OvlIdeInt.f", "type": "x: int -> int"}, "status": "success"}
{"kind": "response", "query-id": "5", "response": {"defined-at": {"beg": [6, 4], "end": [6, 5], "fname": "OvlIdeInt.fst"}, "definition": null, "documentation": null, "kind": "symbol", "name": "OvlIdeInt.f", "type": "x: int -> int"}, "status": "success"}
{"kind": "response", "query-id": "6", "response": {"defined-at": {"beg": [5, 4], "end": [5, 5], "fname": "OvlIdeBool.fst"}, "definition": null, "documentation": "This name is overloaded, and the answer above is only what scope order gives. Which candidate an occurrence denotes is decided by typechecking it, so ask again at the exact position of the occurrence once its definition has been checked. Candidates:\nOvlIdeBool.f : x: Prims.bool -> Prims.bool\nOvlIdeInt.f : x: Prims.int -> Prims.int", "kind": "symbol", "name": "OvlIdeBool.f", "type": "x: bool -> bool"}, "status": "success"}
