{"features": ["autocomplete", "compute", "describe-protocol", "describe-repl", "exit", "lookup", "lookup/documentation", "lookup/definition", "pop", "peek", "push", "search"], "kind": "protocol-info", "version": 1}
{"kind": "response", "query-id": "1", "response": [], "status": "success"}
{"kind": "response", "query-id": "2", "response": [{"lid": "append_cons_snoc", "type": "u2:seq a ->\nx:a -> v:seq a -> Prims.Lemma unit Nil (equal (append u2 (cons x v)) (append (snoc u2 x) v))"}, {"lid": "lemma_cons_snoc", "type": "hd:a -> s:seq a -> tl:a -> Prims.Lemma unit Nil (equal (cons hd (snoc s tl)) (snoc (cons hd s) tl))"}], "status": "success"}
{"kind": "response", "query-id": "3", "response": [{"lid": "lemma_cons_snoc", "type": "hd:a -> s:seq a -> tl:a -> Prims.Lemma unit Nil (equal (cons hd (snoc s tl)) (snoc (cons hd s) tl))"}], "status": "success"}
{"kind": "response", "query-id": "4", "response": [{"lid": "append_cons_snoc", "type": "u14:seq a ->\nx:a -> v:seq a -> Prims.Lemma unit Nil (equal (append u14 (cons x v)) (append (snoc u14 x) v))"}], "status": "success"}
