* Info at Bug174.fst(11,11-13,41):
  - Expected failure:
  - rewrite: could not prove equality of
  - Pulse.Lib.Reference.pts_to r v
  - Pulse.Lib.Reference.pts_to r v
  - Assertion failed
  - The SMT solver could not prove the query. Use --query_stats for more
    details.
  - Also see: Bug174.fst(11,11-16,42)
  - Other related locations: Bug174.fst(16,10-16,40)

