* Info at Bug266.fst(12,2-12,14):
  - Expected failure:
  - Failed to prove pure property: l_False
  - Assertion failed
  - The SMT solver could not prove the query. Use --query_stats for more
    details.
  - See also Bug266.fst(12,31-12,36)

* Info at Bug266.fst(28,2-28,9):
  - Admitting continuation.
  - Current context:
      emp
  - In typing environment:
      __#65 : squash (__ == my_intro l_False),
      __#64 :
        ghost fn
          requires pure l_False
          ensures post (),
      uu___0#50 : unit

