* Info at Bug267.fst(14,4-14,6):
  - Expected failure:
  - Tactic failed
  - Expected a total term, but this term has Ghost effect

* Info at Bug267.fst(62,4-62,5):
  - Expected failure:
  - Could not prove equality between computed type Prims.int
    and expected type Prims.nat
  - Assertion failed
  - The SMT solver could not prove the query. Use --query_stats for more
    details.
  - Also see: Prims.fst(161,28-183,79)
  - See also Bug267.fst(62,4-62,8)

* Info at Bug267.fst(67,13-67,14):
  - Expected failure:
  - Expected type Pulse.Lib.Core.slprop but n >= 1 has type Prims.bool

