* Info at Bug94.fst(11,16-11,18):
  - Expected failure:
  - Ill-typed term: - 1
  - Expected a term of type Prims.nat
  - Assertion failed
  - The SMT solver could not prove the query. Use --query_stats for more
    details.
  - Also see: Prims.fst(682,18-682,24)

* Info at Bug94.fst(20,16-20,17):
  - Expected failure:
  - Expected expression of type Prims.nat got expression y of type Prims.string

* Info at Bug94.fst(34,18-34,24):
  - Expected failure:
  - Ill-typed term: hundred 0
  - Assertion failed
  - The SMT solver could not prove the query. Use --query_stats for more
    details.
  - See also Bug94.fst(26,19-26,32)

