* Info at ExistsErasedAndPureEqualities.fst(57,4-57,11):
  - Admitting continuation.
  - Current context:
      some_pred x v
  - In typing environment:
      __#576 : squash (_v_5 == v)
      _v_5#575 : erased int
      __#438 : squash (v == v)
      v#280 : erased int
      x#273 : R.ref int

      goto _return#330 requires emp

* Info at ExistsErasedAndPureEqualities.fst(66,32-68,5):
  - Expected failure:
  - Ill-typed term
  - Cannot check relation with uvars.

