* Info at ExistsErasedAndPureEqualities.fst(60,4-60,11):
  - Admitting continuation.
  - Current context:
      ExistsErasedAndPureEqualities.some_pred x v
  - In typing environment:
      __#536 : Prims.squash (_v_4 == v),
      _v_4#535 : FStar.Ghost.erased Prims.int,
      __#405 : Prims.squash (v == v),
      v#269 : FStar.Ghost.erased Prims.int,
      x#263 : Pulse.Lib.Reference.ref Prims.int

* Info at ExistsErasedAndPureEqualities.fst(70,32-72,5):
  - Expected failure:
  - Ill-typed term: pure (v == (*?u102*)_)
  - Expected a term of type slprop
  - Cannot check relation with uvars.

