>> Got issues: [
* Error 72 at JoinIf.fst(113,46-113,50):
  - Identifier not found: star

>>]
>> Got issues: [
* Error 228 at JoinIf.fst(47,3-51,4):
  - Pulse cannot yet infer a postcondition for a non-tail conditional statement;
    Either annotate this `if` with `returns` clause; or rewrite your code to use a tail conditional

>>]
