>> Got issues: [
* Error 228 at PartialApp.fst(26,2-26,3):
  - This statement returns a value of type: Prims.int
  - Did you forget to assign it or ignore it?

>>]
>> Got issues: [
* Error 228 at PartialApp.fst(60,2-60,9):
  - This function is partially applied. Remaining type:
      y: t
        -> Pulse.Lib.Core.stt Prims.unit
            Pulse.Lib.Core.emp
            (fun _ -> Pulse.Lib.Core.emp)
  - Did you forget to apply some arguments?

>>]
