* Info at AdmitDoesNotSimpl.fst(12,2-12,9):
  - Admitting continuation.
  - Current context:
      AdmitDoesNotSimpl.foo x
  - In typing environment:
      y#285 : Prims.int,
      x#284 : Prims.int

* Info at AdmitDoesNotSimpl.fst(20,2-20,9):
  - Admitting continuation.
  - Current context:
      AdmitDoesNotSimpl.foo x
  - In typing environment:
      y#285 : Prims.int,
      x#284 : Prims.int

* Info at AdmitDoesNotSimpl.fst(27,2-27,9):
  - Admitting continuation.
  - Current context:
      AdmitDoesNotSimpl.foo 2
  - In typing environment:
      uu___0#83 : Prims.unit

* Info at AdmitDoesNotSimpl.fst(35,2-35,9):
  - Admitting continuation.
  - Current context:
      AdmitDoesNotSimpl.foo 2
  - In typing environment:
      uu___0#83 : Prims.unit

