* Info at Test.Matcher.fst(69,2-69,4):
  - Expected failure:
  - Cannot prove:
      Test.Matcher.fpts_to #Prims.int
        r
        #(0.1R +. p)
        (FStar.Ghost.hide #Prims.int 1)
  - In the context:
      Test.Matcher.fpts_to #Prims.int
        r
        #(p +. 0.1R)
        (FStar.Ghost.hide #Prims.int 1)

