{"schema":"fstar-module-docs","version":2,"module":"DocsImportsInterface","interface":false,"declarations":[{"name":"DocsImportsInterface.documented","kind":"let","signature":"x: Prims.int -> Prims.int","range":{"file":"DocsImportsInterface.fst","start_line":6,"start_col":0,"end_line":6,"end_col":32},"doc":["This module depends on a module literally named Interface."]}]}
